<html>
<body>
<pre>
<h1>µVision Build Log</h1>
<h2>Tool Versions:</h2>
IDE-Version: ¦ÌVision V5.38.0.0
Copyright (C) 2022 ARM Ltd and ARM Germany GmbH. All rights reserved.
License Information: zz 1, 1, LIC=JL28G-VMIX7-9UM4U-SMJY2-NC0LQ-BZJ0W
 
Tool Versions:
Toolchain:       MDK-ARM Plus  Version: 5.38.0.0
Toolchain Path:  D:\Program\Keil_v5\ARM\ARMCLANG\Bin
C Compiler:      ArmClang.exe V6.19
Assembler:       Armasm.exe V6.19
Linker/Locator:  ArmLink.exe V6.19
Library Manager: ArmAr.exe V6.19
Hex Converter:   FromElf.exe V6.19
CPU DLL:         SARMCM3.DLL V5.38.0.0
Dialog DLL:      DCM.DLL V1.17.5.0
Target DLL:      CMSIS_AGDI.dll V1.33.15.0
Dialog DLL:      TCM.DLL V1.56.4.0
 
<h2>Project:</h2>
E:\arm\3_port_DCDC\MDK-ARM\3_port_DCDC.uvprojx
Project File Date:  04/03/2023

<h2>Output:</h2>
*** Using Compiler 'V6.19', folder: 'D:\Program\Keil_v5\ARM\ARMCLANG\Bin'
Build target '3_port_DCDC'
compiling main.c...
linking...
Program Size: Code=18640 RO-data=612 RW-data=108 ZI-data=3940  
FromELF: creating hex file...
"3_port_DCDC\3_port_DCDC.axf" - 0 Error(s), 0 Warning(s).

<h2>Software Packages used:</h2>

Package Vendor: ARM
                http://www.keil.com/pack/ARM.CMSIS.5.9.0.pack
                ARM.CMSIS.5.9.0
                CMSIS (Common Microcontroller Software Interface Standard)
   * Component: CORE Version: 5.6.0

Package Vendor: ARM
                https://www.keil.com/pack/ARM.CMSIS-DSP.1.14.2.pack
                ARM.CMSIS-DSP.1.14.2
                CMSIS Embedded Compute Library
   * Component: DSP Variant: Source Version: 1.14.2

Package Vendor: Keil
                https://www.keil.com/pack/Keil.STM32G4xx_DFP.1.5.0.pack
                Keil.STM32G4xx_DFP.1.5.0
                STMicroelectronics STM32G4 Series Device Support, Drivers and Examples

<h2>Collection of Component include folders:</h2>
  ./RTE/_3_port_DCDC
  D:/Program/Keil_v5/Packs/ARM/CMSIS-DSP/1.14.2/Include
  D:/Program/Keil_v5/Packs/ARM/CMSIS-DSP/1.14.2/PrivateInclude
  D:/Program/Keil_v5/Packs/ARM/CMSIS/5.9.0/CMSIS/Core/Include
  D:/Program/Keil_v5/Packs/Keil/STM32G4xx_DFP/1.5.0/Drivers/CMSIS/Device/ST/STM32G4xx/Include

<h2>Collection of Component Files used:</h2>

   * Component: ARM::CMSIS:CORE:5.6.0
      Include file:  CMSIS/Core/Include/tz_context.h

   * Component: ARM::CMSIS:DSP:Source:1.14.2
      Source file:   Source/BasicMathFunctions/BasicMathFunctions.c
      Include file:  Include/arm_math.h
      Include file:  Include/arm_common_tables.h
      Include file:  Include/arm_common_tables_f16.h
      Source file:   Source/BayesFunctions/BayesFunctions.c
      Source file:   Source/QuaternionMathFunctions/QuaternionMathFunctions.c
      Include file:  Include/arm_const_structs_f16.h
      Source file:   Source/CommonTables/CommonTables.c
      Source file:   Source/ComplexMathFunctions/ComplexMathFunctions.c
      Source file:   Source/FastMathFunctions/FastMathFunctions.c
      Source file:   Source/ControllerFunctions/ControllerFunctions.c
      Source file:   Source/DistanceFunctions/DistanceFunctions.c
      Source file:   Source/FilteringFunctions/FilteringFunctions.c
      Source file:   Source/MatrixFunctions/MatrixFunctions.c
      Include file:  Include/arm_math_f16.h
      Source file:   Source/StatisticsFunctions/StatisticsFunctions.c
      Include file:  Include/arm_const_structs.h
      Source file:   Source/SupportFunctions/SupportFunctions.c
      Source file:   Source/BayesFunctions/BayesFunctionsF16.c
      Source file:   Source/SVMFunctions/SVMFunctionsF16.c
      Source file:   Source/TransformFunctions/TransformFunctions.c
      Source file:   Source/InterpolationFunctions/InterpolationFunctionsF16.c
      Source file:   Source/StatisticsFunctions/StatisticsFunctionsF16.c
      Source file:   Source/ComplexMathFunctions/ComplexMathFunctionsF16.c
      Source file:   Source/DistanceFunctions/DistanceFunctionsF16.c
      Source file:   Source/SVMFunctions/SVMFunctions.c
      Source file:   Source/BasicMathFunctions/BasicMathFunctionsF16.c
      Source file:   Source/CommonTables/CommonTablesF16.c
      Source file:   Source/TransformFunctions/TransformFunctionsF16.c
      Source file:   Source/MatrixFunctions/MatrixFunctionsF16.c
      Source file:   Source/FastMathFunctions/FastMathFunctionsF16.c
      Source file:   Source/FilteringFunctions/FilteringFunctionsF16.c
      Source file:   Source/InterpolationFunctions/InterpolationFunctions.c
      Source file:   Source/SupportFunctions/SupportFunctionsF16.c
Build Time Elapsed:  00:00:01
</pre>
</body>
</html>
