Component: Arm Compiler for Embedded 6.19 Tool: armlink [5e73cb00]

==============================================================================

Section Cross References

    startup_stm32g474xx.o(STACK) refers (Special) to heapauxi.o(.text) for __use_two_region_memory
    startup_stm32g474xx.o(HEAP) refers (Special) to heapauxi.o(.text) for __use_two_region_memory
    startup_stm32g474xx.o(RESET) refers (Special) to heapauxi.o(.text) for __use_two_region_memory
    startup_stm32g474xx.o(RESET) refers to startup_stm32g474xx.o(STACK) for __initial_sp
    startup_stm32g474xx.o(RESET) refers to startup_stm32g474xx.o(.text) for Reset_Handler
    startup_stm32g474xx.o(RESET) refers to stm32g4xx_it.o(.text.NMI_Handler) for NMI_Handler
    startup_stm32g474xx.o(RESET) refers to stm32g4xx_it.o(.text.HardFault_Handler) for HardFault_Handler
    startup_stm32g474xx.o(RESET) refers to stm32g4xx_it.o(.text.MemManage_Handler) for MemManage_Handler
    startup_stm32g474xx.o(RESET) refers to stm32g4xx_it.o(.text.BusFault_Handler) for BusFault_Handler
    startup_stm32g474xx.o(RESET) refers to stm32g4xx_it.o(.text.UsageFault_Handler) for UsageFault_Handler
    startup_stm32g474xx.o(RESET) refers to stm32g4xx_it.o(.text.SVC_Handler) for SVC_Handler
    startup_stm32g474xx.o(RESET) refers to stm32g4xx_it.o(.text.DebugMon_Handler) for DebugMon_Handler
    startup_stm32g474xx.o(RESET) refers to stm32g4xx_it.o(.text.PendSV_Handler) for PendSV_Handler
    startup_stm32g474xx.o(RESET) refers to stm32g4xx_it.o(.text.SysTick_Handler) for SysTick_Handler
    startup_stm32g474xx.o(RESET) refers to stm32g4xx_it.o(.text.DMA1_Channel1_IRQHandler) for DMA1_Channel1_IRQHandler
    startup_stm32g474xx.o(.text) refers (Special) to heapauxi.o(.text) for __use_two_region_memory
    startup_stm32g474xx.o(.text) refers to system_stm32g4xx.o(.text.SystemInit) for SystemInit
    startup_stm32g474xx.o(.text) refers to __main.o(!!!main) for __main
    startup_stm32g474xx.o(.text) refers to startup_stm32g474xx.o(HEAP) for Heap_Mem
    startup_stm32g474xx.o(.text) refers to startup_stm32g474xx.o(STACK) for Stack_Mem
    main.o(.text.pid_process) refers to controllerfunctions.o(.text.arm_pid_init_f32) for arm_pid_init_f32
    main.o(.text.pid_process) refers to main.o(.bss..L_MergedGlobals.1) for .L_MergedGlobals.1
    main.o(.ARM.exidx.text.pid_process) refers to main.o(.text.pid_process) for [Anonymous Symbol]
    main.o(.ARM.exidx.text.mqtt_fake_value) refers to main.o(.text.mqtt_fake_value) for [Anonymous Symbol]
    main.o(.ARM.exidx.text.mppt_process) refers to main.o(.text.mppt_process) for [Anonymous Symbol]
    main.o(.text.HAL_ADC_ConvCpltCallback) refers to main.o(.bss..L_MergedGlobals.1) for .L_MergedGlobals.1
    main.o(.text.HAL_ADC_ConvCpltCallback) refers to f2d.o(x$fpl$f2d) for __aeabi_f2d
    main.o(.text.HAL_ADC_ConvCpltCallback) refers to dmul.o(x$fpl$dmul) for __aeabi_dmul
    main.o(.text.HAL_ADC_ConvCpltCallback) refers to d2f.o(x$fpl$d2f) for __aeabi_d2f
    main.o(.text.HAL_ADC_ConvCpltCallback) refers to hrtim.o(.bss.hhrtim1) for hhrtim1
    main.o(.text.HAL_ADC_ConvCpltCallback) refers to main.o(.data..L_MergedGlobals) for .L_MergedGlobals
    main.o(.text.HAL_ADC_ConvCpltCallback) refers to controllerfunctions.o(.text.arm_pid_init_f32) for arm_pid_init_f32
    main.o(.ARM.exidx.text.HAL_ADC_ConvCpltCallback) refers to main.o(.text.HAL_ADC_ConvCpltCallback) for [Anonymous Symbol]
    main.o(.text.main) refers to stm32g4xx_hal.o(.text.HAL_Init) for HAL_Init
    main.o(.text.main) refers to stm32g4xx_hal_pwr_ex.o(.text.HAL_PWREx_ControlVoltageScaling) for HAL_PWREx_ControlVoltageScaling
    main.o(.text.main) refers to stm32g4xx_hal_rcc.o(.text.HAL_RCC_OscConfig) for HAL_RCC_OscConfig
    main.o(.text.main) refers to stm32g4xx_hal_rcc.o(.text.HAL_RCC_ClockConfig) for HAL_RCC_ClockConfig
    main.o(.text.main) refers to gpio.o(.text.MX_GPIO_Init) for MX_GPIO_Init
    main.o(.text.main) refers to dma.o(.text.MX_DMA_Init) for MX_DMA_Init
    main.o(.text.main) refers to hrtim.o(.text.MX_HRTIM1_Init) for MX_HRTIM1_Init
    main.o(.text.main) refers to tim.o(.text.MX_TIM2_Init) for MX_TIM2_Init
    main.o(.text.main) refers to usart.o(.text.MX_USART1_UART_Init) for MX_USART1_UART_Init
    main.o(.text.main) refers to adc.o(.text.MX_ADC2_Init) for MX_ADC2_Init
    main.o(.text.main) refers to hrtim.o(.bss.hhrtim1) for hhrtim1
    main.o(.text.main) refers to stm32g4xx_hal_hrtim.o(.text.HAL_HRTIM_WaveformCountStart) for HAL_HRTIM_WaveformCountStart
    main.o(.text.main) refers to stm32g4xx_hal_hrtim.o(.text.HAL_HRTIM_WaveformOutputStart) for HAL_HRTIM_WaveformOutputStart
    main.o(.text.main) refers to main.o(.bss..L_MergedGlobals.1) for .L_MergedGlobals.1
    main.o(.text.main) refers to adc.o(.bss.hadc2) for hadc2
    main.o(.text.main) refers to stm32g4xx_hal_adc.o(.text.HAL_ADC_Start_DMA) for HAL_ADC_Start_DMA
    main.o(.text.main) refers to tim.o(.bss.htim2) for htim2
[...]
    ../fplib/dfix.s                          0x00000000   Number         0  dfix.o ABSOLUTE
    ../fplib/dfixll.s                        0x00000000   Number         0  dfixll.o ABSOLUTE
    ../fplib/dflt.s                          0x00000000   Number         0  dflt_clz.o ABSOLUTE
    ../fplib/dgeqf.s                         0x00000000   Number         0  dgeqf.o ABSOLUTE
    ../fplib/dleqf.s                         0x00000000   Number         0  dleqf.o ABSOLUTE
    ../fplib/dmul.s                          0x00000000   Number         0  dmul.o ABSOLUTE
    ../fplib/dnaninf.s                       0x00000000   Number         0  dnaninf.o ABSOLUTE
    ../fplib/dretinf.s                       0x00000000   Number         0  dretinf.o ABSOLUTE
    ../fplib/drleqf.s                        0x00000000   Number         0  drleqf.o ABSOLUTE
    ../fplib/dsqrt.s                         0x00000000   Number         0  dsqrt_umaal.o ABSOLUTE
    ../fplib/f2d.s                           0x00000000   Number         0  f2d.o ABSOLUTE
    ../fplib/fnaninf.s                       0x00000000   Number         0  fnaninf.o ABSOLUTE
    ../fplib/fpinit.s                        0x00000000   Number         0  fpinit.o ABSOLUTE
    ../fplib/fretinf.s                       0x00000000   Number         0  fretinf.o ABSOLUTE
    ../fplib/istatus.s                       0x00000000   Number         0  istatus.o ABSOLUTE
    ../fplib/printf1.s                       0x00000000   Number         0  printf1.o ABSOLUTE
    ../fplib/printf2.s                       0x00000000   Number         0  printf2.o ABSOLUTE
    ../fplib/printf2a.s                      0x00000000   Number         0  printf2a.o ABSOLUTE
    ../fplib/printf2b.s                      0x00000000   Number         0  printf2b.o ABSOLUTE
    ../fplib/usenofp.s                       0x00000000   Number         0  usenofp.o ABSOLUTE
    ../mathlib/dunder.c                      0x00000000   Number         0  dunder.o ABSOLUTE
    ../mathlib/exp.c                         0x00000000   Number         0  exp.o ABSOLUTE
    ../mathlib/expf.c                        0x00000000   Number         0  expf.o ABSOLUTE
    ../mathlib/floorf.c                      0x00000000   Number         0  floorf.o ABSOLUTE
    ../mathlib/fpclassify.c                  0x00000000   Number         0  fpclassify.o ABSOLUTE
    ../mathlib/fpclassifyf.c                 0x00000000   Number         0  fpclassifyf.o ABSOLUTE
    ../mathlib/funder.c                      0x00000000   Number         0  funder.o ABSOLUTE
    ../mathlib/log.c                         0x00000000   Number         0  log.o ABSOLUTE
    ../mathlib/logf.c                        0x00000000   Number         0  logf.o ABSOLUTE
    ../mathlib/poly.c                        0x00000000   Number         0  poly.o ABSOLUTE
    ../mathlib/powf.c                        0x00000000   Number         0  powf.o ABSOLUTE
    ../mathlib/qnan.c                        0x00000000   Number         0  qnan.o ABSOLUTE
    ../mathlib/sqrt.c                        0x00000000   Number         0  sqrt.o ABSOLUTE
    ../mathlib/tanhf.c                       0x00000000   Number         0  tanhf.o ABSOLUTE
    BasicMathFunctions.c                     0x00000000   Number         0  basicmathfunctions.o ABSOLUTE
    BasicMathFunctionsF16.c                  0x00000000   Number         0  basicmathfunctionsf16.o ABSOLUTE
    BayesFunctions.c                         0x00000000   Number         0  bayesfunctions.o ABSOLUTE
    BayesFunctionsF16.c                      0x00000000   Number         0  bayesfunctionsf16.o ABSOLUTE
    CommonTables.c                           0x00000000   Number         0  commontables.o ABSOLUTE
    CommonTablesF16.c                        0x00000000   Number         0  commontablesf16.o ABSOLUTE
    ComplexMathFunctions.c                   0x00000000   Number         0  complexmathfunctions.o ABSOLUTE
    ComplexMathFunctionsF16.c                0x00000000   Number         0  complexmathfunctionsf16.o ABSOLUTE
    ControllerFunctions.c                    0x00000000   Number         0  controllerfunctions.o ABSOLUTE
    DistanceFunctions.c                      0x00000000   Number         0  distancefunctions.o ABSOLUTE
    DistanceFunctionsF16.c                   0x00000000   Number         0  distancefunctionsf16.o ABSOLUTE
    FastMathFunctions.c                      0x00000000   Number         0  fastmathfunctions.o ABSOLUTE
    FastMathFunctionsF16.c                   0x00000000   Number         0  fastmathfunctionsf16.o ABSOLUTE
    FilteringFunctions.c                     0x00000000   Number         0  filteringfunctions.o ABSOLUTE
    FilteringFunctionsF16.c                  0x00000000   Number         0  filteringfunctionsf16.o ABSOLUTE
    InterpolationFunctions.c                 0x00000000   Number         0  interpolationfunctions.o ABSOLUTE
    InterpolationFunctionsF16.c              0x00000000   Number         0  interpolationfunctionsf16.o ABSOLUTE
    MatrixFunctions.c                        0x00000000   Number         0  matrixfunctions.o ABSOLUTE
    MatrixFunctionsF16.c                     0x00000000   Number         0  matrixfunctionsf16.o ABSOLUTE
    QuaternionMathFunctions.c                0x00000000   Number         0  quaternionmathfunctions.o ABSOLUTE
    SVMFunctions.c                           0x00000000   Number         0  svmfunctions.o ABSOLUTE
    SVMFunctionsF16.c                        0x00000000   Number         0  svmfunctionsf16.o ABSOLUTE
    StatisticsFunctions.c                    0x00000000   Number         0  statisticsfunctions.o ABSOLUTE
    StatisticsFunctionsF16.c                 0x00000000   Number         0  statisticsfunctionsf16.o ABSOLUTE
    SupportFunctions.c                       0x00000000   Number         0  supportfunctions.o ABSOLUTE
    SupportFunctionsF16.c                    0x00000000   Number         0  supportfunctionsf16.o ABSOLUTE
    TransformFunctions.c                     0x00000000   Number         0  transformfunctions.o ABSOLUTE
    TransformFunctionsF16.c                  0x00000000   Number         0  transformfunctionsf16.o ABSOLUTE
    UART_printf.c                            0x00000000   Number         0  uart_printf.o ABSOLUTE
    adc.c                                    0x00000000   Number         0  adc.o ABSOLUTE
    dc.s                                     0x00000000   Number         0  dc.o ABSOLUTE
    dma.c                                    0x00000000   Number         0  dma.o ABSOLUTE
    gpio.c                                   0x00000000   Number         0  gpio.o ABSOLUTE
    hrtim.c                                  0x00000000   Number         0  hrtim.o ABSOLUTE
    main.c                                   0x00000000   Number         0  main.o ABSOLUTE
    pid.c                                    0x00000000   Number         0  pid.o ABSOLUTE
    startup_stm32g474xx.s                    0x00000000   Number         0  startup_stm32g474xx.o ABSOLUTE
    stm32g4xx_hal.c                          0x00000000   Number         0  stm32g4xx_hal.o ABSOLUTE
    stm32g4xx_hal_adc.c                      0x00000000   Number         0  stm32g4xx_hal_adc.o ABSOLUTE
    stm32g4xx_hal_adc_ex.c                   0x00000000   Number         0  stm32g4xx_hal_adc_ex.o ABSOLUTE
    stm32g4xx_hal_cortex.c                   0x00000000   Number         0  stm32g4xx_hal_cortex.o ABSOLUTE
    stm32g4xx_hal_dma.c                      0x00000000   Number         0  stm32g4xx_hal_dma.o ABSOLUTE
    stm32g4xx_hal_dma_ex.c                   0x00000000   Number         0  stm32g4xx_hal_dma_ex.o ABSOLUTE
    stm32g4xx_hal_exti.c                     0x00000000   Number         0  stm32g4xx_hal_exti.o ABSOLUTE
    stm32g4xx_hal_flash.c                    0x00000000   Number         0  stm32g4xx_hal_flash.o ABSOLUTE
    stm32g4xx_hal_flash_ex.c                 0x00000000   Number         0  stm32g4xx_hal_flash_ex.o ABSOLUTE
    stm32g4xx_hal_flash_ramfunc.c            0x00000000   Number         0  stm32g4xx_hal_flash_ramfunc.o ABSOLUTE
    stm32g4xx_hal_gpio.c                     0x00000000   Number         0  stm32g4xx_hal_gpio.o ABSOLUTE
    stm32g4xx_hal_hrtim.c                    0x00000000   Number         0  stm32g4xx_hal_hrtim.o ABSOLUTE
    stm32g4xx_hal_msp.c                      0x00000000   Number         0  stm32g4xx_hal_msp.o ABSOLUTE
    stm32g4xx_hal_pwr.c                      0x00000000   Number         0  stm32g4xx_hal_pwr.o ABSOLUTE
    stm32g4xx_hal_pwr_ex.c                   0x00000000   Number         0  stm32g4xx_hal_pwr_ex.o ABSOLUTE
    stm32g4xx_hal_rcc.c                      0x00000000   Number         0  stm32g4xx_hal_rcc.o ABSOLUTE
    stm32g4xx_hal_rcc_ex.c                   0x00000000   Number         0  stm32g4xx_hal_rcc_ex.o ABSOLUTE
    stm32g4xx_hal_tim.c                      0x00000000   Number         0  stm32g4xx_hal_tim.o ABSOLUTE
    stm32g4xx_hal_tim_ex.c                   0x00000000   Number         0  stm32g4xx_hal_tim_ex.o ABSOLUTE
    stm32g4xx_hal_uart.c                     0x00000000   Number         0  stm32g4xx_hal_uart.o ABSOLUTE
    stm32g4xx_hal_uart_ex.c                  0x00000000   Number         0  stm32g4xx_hal_uart_ex.o ABSOLUTE
    stm32g4xx_it.c                           0x00000000   Number         0  stm32g4xx_it.o ABSOLUTE
    stm32g4xx_ll_adc.c                       0x00000000   Number         0  stm32g4xx_ll_adc.o ABSOLUTE
    system_stm32g4xx.c                       0x00000000   Number         0  system_stm32g4xx.o ABSOLUTE
    tim.c                                    0x00000000   Number         0  tim.o ABSOLUTE
    usart.c                                  0x00000000   Number         0  usart.o ABSOLUTE
    RESET                                    0x08000000   Section      472  startup_stm32g474xx.o(RESET)
    !!!main                                  0x080001d8   Section        8  __main.o(!!!main)
    !!!scatter                               0x080001e0   Section       52  __scatter.o(!!!scatter)
    !!handler_copy                           0x08000214   Section       26  __scatter_copy.o(!!handler_copy)
    !!handler_zi                             0x08000230   Section       28  __scatter_zi.o(!!handler_zi)
    .ARM.Collect$$libinit$$00000000          0x0800024c   Section        2  libinit.o(.ARM.Collect$$libinit$$00000000)
    .ARM.Collect$$libinit$$00000001          0x0800024e   Section        4  libinit2.o(.ARM.Collect$$libinit$$00000001)
    .ARM.Collect$$libinit$$00000004          0x08000252   Section        0  libinit2.o(.ARM.Collect$$libinit$$00000004)
    .ARM.Collect$$libinit$$00000006          0x08000252   Section        0  libinit2.o(.ARM.Collect$$libinit$$00000006)
    .ARM.Collect$$libinit$$0000000C          0x08000252   Section        0  libinit2.o(.ARM.Collect$$libinit$$0000000C)
    .ARM.Collect$$libinit$$0000000E          0x08000252   Section        0  libinit2.o(.ARM.Collect$$libinit$$0000000E)
    .ARM.Collect$$libinit$$00000010          0x08000252   Section        0  libinit2.o(.ARM.Collect$$libinit$$00000010)
    .ARM.Collect$$libinit$$00000013          0x08000252   Section        0  libinit2.o(.ARM.Collect$$libinit$$00000013)
    .ARM.Collect$$libinit$$00000015          0x08000252   Section        0  libinit2.o(.ARM.Collect$$libinit$$00000015)
    .ARM.Collect$$libinit$$00000017          0x08000252   Section        0  libinit2.o(.ARM.Collect$$libinit$$00000017)
    .ARM.Collect$$libinit$$00000019          0x08000252   Section        0  libinit2.o(.ARM.Collect$$libinit$$00000019)
    .ARM.Collect$$libinit$$0000001B          0x08000252   Section        0  libinit2.o(.ARM.Collect$$libinit$$0000001B)
    .ARM.Collect$$libinit$$0000001D          0x08000252   Section        0  libinit2.o(.ARM.Collect$$libinit$$0000001D)
    .ARM.Collect$$libinit$$0000001F          0x08000252   Section        0  libinit2.o(.ARM.Collect$$libinit$$0000001F)
    .ARM.Collect$$libinit$$00000021          0x08000252   Section        0  libinit2.o(.ARM.Collect$$libinit$$00000021)
    .ARM.Collect$$libinit$$00000023          0x08000252   Section        0  libinit2.o(.ARM.Collect$$libinit$$00000023)
    .ARM.Collect$$libinit$$00000025          0x08000252   Section        0  libinit2.o(.ARM.Collect$$libinit$$00000025)
    .ARM.Collect$$libinit$$00000027          0x08000252   Section        0  libinit2.o(.ARM.Collect$$libinit$$00000027)
    .ARM.Collect$$libinit$$0000002E          0x08000252   Section        0  libinit2.o(.ARM.Collect$$libinit$$0000002E)
    .ARM.Collect$$libinit$$00000030          0x08000252   Section        0  libinit2.o(.ARM.Collect$$libinit$$00000030)
    .ARM.Collect$$libinit$$00000032          0x08000252   Section        0  libinit2.o(.ARM.Collect$$libinit$$00000032)
    .ARM.Collect$$libinit$$00000034          0x08000252   Section        0  libinit2.o(.ARM.Collect$$libinit$$00000034)
    .ARM.Collect$$libinit$$00000035          0x08000252   Section        2  libinit2.o(.ARM.Collect$$libinit$$00000035)
    .ARM.Collect$$libshutdown$$00000000      0x08000254   Section        2  libshutdown.o(.ARM.Collect$$libshutdown$$00000000)
    .ARM.Collect$$libshutdown$$00000002      0x08000256   Section        0  libshutdown2.o(.ARM.Collect$$libshutdown$$00000002)
    .ARM.Collect$$libshutdown$$00000004      0x08000256   Section        0  libshutdown2.o(.ARM.Collect$$libshutdown$$00000004)
    .ARM.Collect$$libshutdown$$00000007      0x08000256   Section        0  libshutdown2.o(.ARM.Collect$$libshutdown$$00000007)
    .ARM.Collect$$libshutdown$$0000000A      0x08000256   Section        0  libshutdown2.o(.ARM.Collect$$libshutdown$$0000000A)
    .ARM.Collect$$libshutdown$$0000000C      0x08000256   Section        0  libshutdown2.o(.ARM.Collect$$libshutdown$$0000000C)
    .ARM.Collect$$libshutdown$$0000000F      0x08000256   Section        0  libshutdown2.o(.ARM.Collect$$libshutdown$$0000000F)
    .ARM.Collect$$libshutdown$$00000010      0x08000256   Section        2  libshutdown2.o(.ARM.Collect$$libshutdown$$00000010)
    .ARM.Collect$$rtentry$$00000000          0x08000258   Section        0  __rtentry.o(.ARM.Collect$$rtentry$$00000000)
    .ARM.Collect$$rtentry$$00000002          0x08000258   Section        0  __rtentry2.o(.ARM.Collect$$rtentry$$00000002)
    .ARM.Collect$$rtentry$$00000004          0x08000258   Section        6  __rtentry4.o(.ARM.Collect$$rtentry$$00000004)
    .ARM.Collect$$rtentry$$00000009          0x0800025e   Section        0  __rtentry2.o(.ARM.Collect$$rtentry$$00000009)
    .ARM.Collect$$rtentry$$0000000A          0x0800025e   Section        4  __rtentry2.o(.ARM.Collect$$rtentry$$0000000A)
    .ARM.Collect$$rtentry$$0000000C          0x08000262   Section        0  __rtentry2.o(.ARM.Collect$$rtentry$$0000000C)
    .ARM.Collect$$rtentry$$0000000D          0x08000262   Section        8  __rtentry2.o(.ARM.Collect$$rtentry$$0000000D)
    .ARM.Collect$$rtexit$$00000000           0x0800026a   Section        2  rtexit.o(.ARM.Collect$$rtexit$$00000000)
    .ARM.Collect$$rtexit$$00000002           0x0800026c   Section        0  rtexit2.o(.ARM.Collect$$rtexit$$00000002)
    .ARM.Collect$$rtexit$$00000003           0x0800026c   Section        4  rtexit2.o(.ARM.Collect$$rtexit$$00000003)
    .ARM.Collect$$rtexit$$00000004           0x08000270   Section        6  rtexit2.o(.ARM.Collect$$rtexit$$00000004)
    $v0                                      0x08000278   Number         0  startup_stm32g474xx.o(.text)
    .text                                    0x08000278   Section       64  startup_stm32g474xx.o(.text)
    .text                                    0x080002b8   Section      240  lludivv7m.o(.text)
    .text                                    0x080003a8   Section       78  rt_memclr_w.o(.text)
    .text                                    0x080003f6   Section        0  heapauxi.o(.text)
    .text                                    0x080003fc   Section        8  libspace.o(.text)
    .text                                    0x08000404   Section       74  sys_stackheap_outer.o(.text)
    .text                                    0x0800044e   Section        0  exit.o(.text)
    .text                                    0x08000460   Section        0  sys_exit.o(.text)
    .text                                    0x0800046c   Section        2  use_no_semi.o(.text)
    .text                                    0x0800046e   Section        0  indicate_semi.o(.text)
    [Anonymous Symbol]                       0x08000470   Section        0  stm32g4xx_hal_adc.o(.text.ADC_DMAConvCplt)
    [Anonymous Symbol]                       0x080004d4   Section        0  stm32g4xx_hal_adc.o(.text.ADC_DMAError)
    [Anonymous Symbol]                       0x080004ec   Section        0  stm32g4xx_hal_adc.o(.text.ADC_DMAHalfConvCplt)
    [Anonymous Symbol]                       0x080004f4   Section        0  stm32g4xx_it.o(.text.BusFault_Handler)
    [Anonymous Symbol]                       0x080004f8   Section        0  stm32g4xx_it.o(.text.DMA1_Channel1_IRQHandler)
    [Anonymous Symbol]                       0x08000504   Section        0  stm32g4xx_it.o(.text.DebugMon_Handler)
    [Anonymous Symbol]                       0x08000508   Section        0  main.o(.text.Error_Handler)
    [Anonymous Symbol]                       0x08000514   Section        0  stm32g4xx_hal_adc.o(.text.HAL_ADC_ConfigChannel)
    [Anonymous Symbol]                       0x080008f8   Section        0  main.o(.text.HAL_ADC_ConvCpltCallback)
    [Anonymous Symbol]                       0x08000b80   Section        0  stm32g4xx_hal_adc.o(.text.HAL_ADC_ConvHalfCpltCallback)
    [Anonymous Symbol]                       0x08000b84   Section        0  stm32g4xx_hal_adc.o(.text.HAL_ADC_ErrorCallback)
    [Anonymous Symbol]                       0x08000b88   Section        0  stm32g4xx_hal_adc.o(.text.HAL_ADC_Init)
    [Anonymous Symbol]                       0x08000e0c   Section        0  adc.o(.text.HAL_ADC_MspInit)
    [Anonymous Symbol]                       0x08000edc   Section        0  stm32g4xx_hal_adc.o(.text.HAL_ADC_Start_DMA)
    [Anonymous Symbol]                       0x08001060   Section        0  stm32g4xx_hal_dma.o(.text.HAL_DMA_IRQHandler)
    [Anonymous Symbol]                       0x0800110c   Section        0  stm32g4xx_hal_dma.o(.text.HAL_DMA_Init)
    [Anonymous Symbol]                       0x08001238   Section        0  stm32g4xx_hal_dma.o(.text.HAL_DMA_Start_IT)
    [Anonymous Symbol]                       0x0800131c   Section        0  stm32g4xx_hal_gpio.o(.text.HAL_GPIO_Init)
    [Anonymous Symbol]                       0x080014c8   Section        0  stm32g4xx_hal_gpio.o(.text.HAL_GPIO_WritePin)
    [Anonymous Symbol]                       0x080014d4   Section        0  stm32g4xx_hal.o(.text.HAL_GetTick)
    [Anonymous Symbol]                       0x080014e0   Section        0  stm32g4xx_hal_hrtim.o(.text.HAL_HRTIM_DLLCalibrationStart)
    [Anonymous Symbol]                       0x08001534   Section        0  stm32g4xx_hal_hrtim.o(.text.HAL_HRTIM_DeadTimeConfig)
    [Anonymous Symbol]                       0x080015c8   Section        0  stm32g4xx_hal_hrtim.o(.text.HAL_HRTIM_Init)
    [Anonymous Symbol]                       0x080016b8   Section        0  hrtim.o(.text.HAL_HRTIM_MspInit)
    [Anonymous Symbol]                       0x080016ec   Section        0  stm32g4xx_hal_hrtim.o(.text.HAL_HRTIM_PollForDLLCalibration)
    [Anonymous Symbol]                       0x08001760   Section        0  stm32g4xx_hal_hrtim.o(.text.HAL_HRTIM_TimeBaseConfig)
    [Anonymous Symbol]                       0x080017d0   Section        0  stm32g4xx_hal_hrtim.o(.text.HAL_HRTIM_WaveformCompareConfig)
    [Anonymous Symbol]                       0x08001930   Section        0  stm32g4xx_hal_hrtim.o(.text.HAL_HRTIM_WaveformCountStart)
    [Anonymous Symbol]                       0x08001958   Section        0  stm32g4xx_hal_hrtim.o(.text.HAL_HRTIM_WaveformOutputConfig)
    [Anonymous Symbol]                       0x08001994   Section        0  stm32g4xx_hal_hrtim.o(.text.HAL_HRTIM_WaveformOutputStart)
    [Anonymous Symbol]                       0x080019c0   Section        0  stm32g4xx_hal_hrtim.o(.text.HAL_HRTIM_WaveformTimerConfig)
    [Anonymous Symbol]                       0x08001c94   Section        0  stm32g4xx_hal_hrtim.o(.text.HAL_HRTIM_WaveformTimerControl)
    [Anonymous Symbol]                       0x08001d34   Section        0  stm32g4xx_hal.o(.text.HAL_IncTick)
    [Anonymous Symbol]                       0x08001d50   Section        0  stm32g4xx_hal.o(.text.HAL_Init)
    [Anonymous Symbol]                       0x08001d70   Section        0  stm32g4xx_hal.o(.text.HAL_InitTick)
    [Anonymous Symbol]                       0x08001dbc   Section        0  stm32g4xx_hal_msp.o(.text.HAL_MspInit)
    [Anonymous Symbol]                       0x08001df0   Section        0  stm32g4xx_hal_cortex.o(.text.HAL_NVIC_EnableIRQ)
    [Anonymous Symbol]                       0x08001e18   Section        0  stm32g4xx_hal_cortex.o(.text.HAL_NVIC_SetPriority)
    [Anonymous Symbol]                       0x08001e70   Section        0  stm32g4xx_hal_cortex.o(.text.HAL_NVIC_SetPriorityGrouping)
    [Anonymous Symbol]                       0x08001e90   Section        0  stm32g4xx_hal_pwr_ex.o(.text.HAL_PWREx_ControlVoltageScaling)
    [Anonymous Symbol]                       0x08001fb8   Section        0  stm32g4xx_hal_pwr_ex.o(.text.HAL_PWREx_DisableUCPDDeadBattery)
    [Anonymous Symbol]                       0x08001fcc   Section        0  stm32g4xx_hal_rcc_ex.o(.text.HAL_RCCEx_PeriphCLKConfig)
    [Anonymous Symbol]                       0x080022a4   Section        0  stm32g4xx_hal_rcc.o(.text.HAL_RCC_ClockConfig)
    [Anonymous Symbol]                       0x080025b8   Section        0  stm32g4xx_hal_rcc.o(.text.HAL_RCC_GetPCLK1Freq)
    [Anonymous Symbol]                       0x080025e4   Section        0  stm32g4xx_hal_rcc.o(.text.HAL_RCC_GetPCLK2Freq)
    [Anonymous Symbol]                       0x08002610   Section        0  stm32g4xx_hal_rcc.o(.text.HAL_RCC_GetSysClockFreq)
    [Anonymous Symbol]                       0x08002690   Section        0  stm32g4xx_hal_rcc.o(.text.HAL_RCC_OscConfig)
    [Anonymous Symbol]                       0x08002b40   Section        0  stm32g4xx_hal_cortex.o(.text.HAL_SYSTICK_Config)
    [Anonymous Symbol]                       0x08002b6c   Section        0  stm32g4xx_hal_tim_ex.o(.text.HAL_TIMEx_MasterConfigSynchronization)
    [Anonymous Symbol]                       0x08002c4c   Section        0  stm32g4xx_hal_tim.o(.text.HAL_TIM_Base_Init)
    [Anonymous Symbol]                       0x08002cb0   Section        0  tim.o(.text.HAL_TIM_Base_MspInit)
    [Anonymous Symbol]                       0x08002ce0   Section        0  stm32g4xx_hal_tim.o(.text.HAL_TIM_ConfigClockSource)
    [Anonymous Symbol]                       0x08002f00   Section        0  stm32g4xx_hal_tim.o(.text.HAL_TIM_PWM_ConfigChannel)
    [Anonymous Symbol]                       0x08003300   Section        0  stm32g4xx_hal_tim.o(.text.HAL_TIM_PWM_Init)
    [Anonymous Symbol]                       0x08003364   Section        0  stm32g4xx_hal_tim.o(.text.HAL_TIM_PWM_MspInit)
    [Anonymous Symbol]                       0x08003368   Section        0  stm32g4xx_hal_tim.o(.text.HAL_TIM_PWM_Start)
    [Anonymous Symbol]                       0x08003508   Section        0  stm32g4xx_hal_uart_ex.o(.text.HAL_UARTEx_DisableFifoMode)
    [Anonymous Symbol]                       0x08003540   Section        0  stm32g4xx_hal_uart_ex.o(.text.HAL_UARTEx_SetRxFifoThreshold)
    [Anonymous Symbol]                       0x080035cc   Section        0  stm32g4xx_hal_uart_ex.o(.text.HAL_UARTEx_SetTxFifoThreshold)
    [Anonymous Symbol]                       0x08003658   Section        0  stm32g4xx_hal_uart.o(.text.HAL_UART_Init)
    [Anonymous Symbol]                       0x08003724   Section        0  usart.o(.text.HAL_UART_MspInit)
    HRTIM_OutputConfig                       0x080037ad   Thumb Code   246  stm32g4xx_hal_hrtim.o(.text.HRTIM_OutputConfig)
    [Anonymous Symbol]                       0x080037ac   Section        0  stm32g4xx_hal_hrtim.o(.text.HRTIM_OutputConfig)
    [Anonymous Symbol]                       0x080038a4   Section        0  stm32g4xx_it.o(.text.HardFault_Handler)
    [Anonymous Symbol]                       0x080038a8   Section        0  adc.o(.text.MX_ADC2_Init)
    [Anonymous Symbol]                       0x08003988   Section        0  dma.o(.text.MX_DMA_Init)
    [Anonymous Symbol]                       0x080039d0   Section        0  gpio.o(.text.MX_GPIO_Init)
    [Anonymous Symbol]                       0x08003a58   Section        0  hrtim.o(.text.MX_HRTIM1_Init)
    [Anonymous Symbol]                       0x08003d54   Section        0  tim.o(.text.MX_TIM2_Init)
    [Anonymous Symbol]                       0x08003e20   Section        0  usart.o(.text.MX_USART1_UART_Init)
    [Anonymous Symbol]                       0x08003ea4   Section        0  stm32g4xx_it.o(.text.MemManage_Handler)
    [Anonymous Symbol]                       0x08003ea8   Section        0  stm32g4xx_it.o(.text.NMI_Handler)
    [Anonymous Symbol]                       0x08003eac   Section        0  stm32g4xx_it.o(.text.PendSV_Handler)
    [Anonymous Symbol]                       0x08003eb0   Section        0  stm32g4xx_it.o(.text.SVC_Handler)
    [Anonymous Symbol]                       0x08003eb4   Section        0  stm32g4xx_it.o(.text.SysTick_Handler)
    [Anonymous Symbol]                       0x08003eb8   Section        0  system_stm32g4xx.o(.text.SystemInit)
    [Anonymous Symbol]                       0x08003ecc   Section        0  stm32g4xx_hal_tim.o(.text.TIM_Base_SetConfig)
    [Anonymous Symbol]                       0x08004008   Section        0  stm32g4xx_hal_uart.o(.text.UART_AdvFeatureConfig)
    [Anonymous Symbol]                       0x080040f0   Section        0  stm32g4xx_hal_uart.o(.text.UART_SetConfig)
    [Anonymous Symbol]                       0x080043b0   Section        0  stm32g4xx_hal_uart.o(.text.UART_WaitOnFlagUntilTimeout)
    [Anonymous Symbol]                       0x080045c4   Section        0  stm32g4xx_it.o(.text.UsageFault_Handler)
    [Anonymous Symbol]                       0x080045c8   Section        0  controllerfunctions.o(.text.arm_pid_init_f32)
    [Anonymous Symbol]                       0x08004604   Section        0  main.o(.text.main)
    $v0                                      0x08004740   Number         0  d2f.o(x$fpl$d2f)
    x$fpl$d2f                                0x08004740   Section       98  d2f.o(x$fpl$d2f)
    $v0                                      0x080047a4   Number         0  dmul.o(x$fpl$dmul)
    x$fpl$dmul                               0x080047a4   Section      340  dmul.o(x$fpl$dmul)
    $v0                                      0x080048f8   Number         0  dnaninf.o(x$fpl$dnaninf)
    x$fpl$dnaninf                            0x080048f8   Section      156  dnaninf.o(x$fpl$dnaninf)
    $v0                                      0x08004994   Number         0  dretinf.o(x$fpl$dretinf)
    x$fpl$dretinf                            0x08004994   Section       12  dretinf.o(x$fpl$dretinf)
    $v0                                      0x080049a0   Number         0  f2d.o(x$fpl$f2d)
    x$fpl$f2d                                0x080049a0   Section       86  f2d.o(x$fpl$f2d)
    $v0                                      0x080049f6   Number         0  fnaninf.o(x$fpl$fnaninf)
    x$fpl$fnaninf                            0x080049f6   Section      140  fnaninf.o(x$fpl$fnaninf)
    $v0                                      0x08004a82   Number         0  fpinit.o(x$fpl$fpinit)
    x$fpl$fpinit                             0x08004a82   Section       26  fpinit.o(x$fpl$fpinit)
    $v0                                      0x08004a9c   Number         0  fretinf.o(x$fpl$fretinf)
    x$fpl$fretinf                            0x08004a9c   Section       10  fretinf.o(x$fpl$fretinf)
    x$fpl$usenofp                            0x08004aa6   Section        0  usenofp.o(x$fpl$usenofp)
    .Lswitch.table.HAL_HRTIM_WaveformTimerControl 0x08004aa8   Data          28  stm32g4xx_hal_hrtim.o(.rodata..Lswitch.table.HAL_HRTIM_WaveformTimerControl)
    .Lswitch.table.UART_SetConfig.5          0x08004af4   Data          16  stm32g4xx_hal_uart.o(.rodata.cst16)
    UARTEx_SetNbDataToProcess.numerator      0x08004b04   Data           8  stm32g4xx_hal_uart_ex.o(.rodata.cst8)
    [Anonymous Symbol]                       0x08004b04   Section        0  stm32g4xx_hal_uart_ex.o(.rodata.cst8)
    UARTEx_SetNbDataToProcess.denominator    0x08004b0c   Data           8  stm32g4xx_hal_uart_ex.o(.rodata.cst8)
    .L_MergedGlobals                         0x20000000   Data          96  main.o(.data..L_MergedGlobals)
    [Anonymous Symbol]                       0x20000000   Section        0  main.o(.data..L_MergedGlobals)
    .L_MergedGlobals                         0x20000060   Data           8  stm32g4xx_hal.o(.data..L_MergedGlobals)
    [Anonymous Symbol]                       0x20000060   Section        0  stm32g4xx_hal.o(.data..L_MergedGlobals)
    .bss                                     0x20000070   Section       96  libspace.o(.bss)
    .L_MergedGlobals.1                       0x200000d0   Data          84  main.o(.bss..L_MergedGlobals.1)
    [Anonymous Symbol]                       0x200000d0   Section        0  main.o(.bss..L_MergedGlobals.1)
    Heap_Mem                                 0x200003d0   Data        1024  startup_stm32g474xx.o(HEAP)
    HEAP                                     0x200003d0   Section     1024  startup_stm32g474xx.o(HEAP)
    Stack_Mem                                0x200007d0   Data        2048  startup_stm32g474xx.o(STACK)
    STACK                                    0x200007d0   Section     2048  startup_stm32g474xx.o(STACK)
    __initial_sp                             0x20000fd0   Data           0  startup_stm32g474xx.o(STACK)

    Global Symbols

    Symbol Name                              Value     Ov Type        Size  Object(Section)

    BuildAttributes$$THM_ISAv4$E$P$D$K$B$S$7EM$VFPi3$EXTD16$VFPS$VFMA$PE$A:L22UL41UL21$X:L11$S22US41US21$IEEE1$IW$~IW$USESV6$~STKCKD$USESV7$~SHL$OTIME$ROPI$IEEEX$EBA8$UX$STANDARDLIB$REQ8$PRES8$EABIv2 0x00000000   Number         0  anon$$obj.o ABSOLUTE
    _printf_flags                            0x00000000   Number         0  printf_stubs.o ABSOLUTE
    _printf_return_value                     0x00000000   Number         0  printf_stubs.o ABSOLUTE
    _printf_sizespec                         0x00000000   Number         0  printf_stubs.o ABSOLUTE
    _printf_widthprec                        0x00000000   Number         0  printf_stubs.o ABSOLUTE
    __ARM_exceptions_init                     - Undefined Weak Reference
    __alloca_initialize                       - Undefined Weak Reference
    __arm_preinit_                            - Undefined Weak Reference
    __arm_relocate_pie_                       - Undefined Weak Reference
    __cpp_initialize__aeabi_                  - Undefined Weak Reference
    __cxa_finalize                            - Undefined Weak Reference
    __sigvec_lookup                           - Undefined Weak Reference
    _atexit_init                              - Undefined Weak Reference
    _call_atexit_fns                          - Undefined Weak Reference
    _clock_init                               - Undefined Weak Reference
    _fp_trap_init                             - Undefined Weak Reference
    _fp_trap_shutdown                         - Undefined Weak Reference
    _get_lc_collate                           - Undefined Weak Reference
    _get_lc_monetary                          - Undefined Weak Reference
    _get_lc_time                              - Undefined Weak Reference
    _getenv_init                              - Undefined Weak Reference
    _handle_redirection                       - Undefined Weak Reference
    _init_alloc                               - Undefined Weak Reference
    _init_user_alloc                          - Undefined Weak Reference
    _initio                                   - Undefined Weak Reference
    _printf_mbtowc                            - Undefined Weak Reference
    _printf_wc                                - Undefined Weak Reference
    _rand_init                                - Undefined Weak Reference
    _signal_finish                            - Undefined Weak Reference
    _signal_init                              - Undefined Weak Reference
    _terminate_alloc                          - Undefined Weak Reference
    _terminate_user_alloc                     - Undefined Weak Reference
    _terminateio                              - Undefined Weak Reference
    __Vectors_Size                           0x000001d8   Number         0  startup_stm32g474xx.o ABSOLUTE
    __Vectors                                0x08000000   Data           4  startup_stm32g474xx.o(RESET)
    __Vectors_End                            0x080001d8   Data           0  startup_stm32g474xx.o(RESET)
    __main                                   0x080001d9   Thumb Code     8  __main.o(!!!main)
    __scatterload                            0x080001e1   Thumb Code     0  __scatter.o(!!!scatter)
    __scatterload_rt2                        0x080001e1   Thumb Code    44  __scatter.o(!!!scatter)
    __scatterload_rt2_thumb_only             0x080001e1   Thumb Code     0  __scatter.o(!!!scatter)
    __scatterload_null                       0x080001ef   Thumb Code     0  __scatter.o(!!!scatter)
    __scatterload_copy                       0x08000215   Thumb Code    26  __scatter_copy.o(!!handler_copy)
    __scatterload_zeroinit                   0x08000231   Thumb Code    28  __scatter_zi.o(!!handler_zi)
    __rt_lib_init                            0x0800024d   Thumb Code     0  libinit.o(.ARM.Collect$$libinit$$00000000)
    __rt_lib_init_fp_1                       0x0800024f   Thumb Code     0  libinit2.o(.ARM.Collect$$libinit$$00000001)
    __rt_lib_init_alloca_1                   0x08000253   Thumb Code     0  libinit2.o(.ARM.Collect$$libinit$$00000030)
    __rt_lib_init_argv_1                     0x08000253   Thumb Code     0  libinit2.o(.ARM.Collect$$libinit$$0000002E)
    __rt_lib_init_atexit_1                   0x08000253   Thumb Code     0  libinit2.o(.ARM.Collect$$libinit$$0000001D)
    __rt_lib_init_clock_1                    0x08000253   Thumb Code     0  libinit2.o(.ARM.Collect$$libinit$$00000023)
    __rt_lib_init_cpp_1                      0x08000253   Thumb Code     0  libinit2.o(.ARM.Collect$$libinit$$00000034)
    __rt_lib_init_exceptions_1               0x08000253   Thumb Code     0  libinit2.o(.ARM.Collect$$libinit$$00000032)
    __rt_lib_init_fp_trap_1                  0x08000253   Thumb Code     0  libinit2.o(.ARM.Collect$$libinit$$00000021)
    __rt_lib_init_getenv_1                   0x08000253   Thumb Code     0  libinit2.o(.ARM.Collect$$libinit$$00000025)
    __rt_lib_init_heap_1                     0x08000253   Thumb Code     0  libinit2.o(.ARM.Collect$$libinit$$0000000C)
    __rt_lib_init_lc_collate_1               0x08000253   Thumb Code     0  libinit2.o(.ARM.Collect$$libinit$$00000013)
    __rt_lib_init_lc_ctype_1                 0x08000253   Thumb Code     0  libinit2.o(.ARM.Collect$$libinit$$00000015)
    __rt_lib_init_lc_monetary_1              0x08000253   Thumb Code     0  libinit2.o(.ARM.Collect$$libinit$$00000017)
    __rt_lib_init_lc_numeric_1               0x08000253   Thumb Code     0  libinit2.o(.ARM.Collect$$libinit$$00000019)
    __rt_lib_init_lc_time_1                  0x08000253   Thumb Code     0  libinit2.o(.ARM.Collect$$libinit$$0000001B)
    __rt_lib_init_preinit_1                  0x08000253   Thumb Code     0  libinit2.o(.ARM.Collect$$libinit$$00000006)
    __rt_lib_init_rand_1                     0x08000253   Thumb Code     0  libinit2.o(.ARM.Collect$$libinit$$00000010)
    __rt_lib_init_relocate_pie_1             0x08000253   Thumb Code     0  libinit2.o(.ARM.Collect$$libinit$$00000004)
    __rt_lib_init_return                     0x08000253   Thumb Code     0  libinit2.o(.ARM.Collect$$libinit$$00000035)
    __rt_lib_init_signal_1                   0x08000253   Thumb Code     0  libinit2.o(.ARM.Collect$$libinit$$0000001F)
    __rt_lib_init_stdio_1                    0x08000253   Thumb Code     0  libinit2.o(.ARM.Collect$$libinit$$00000027)
    __rt_lib_init_user_alloc_1               0x08000253   Thumb Code     0  libinit2.o(.ARM.Collect$$libinit$$0000000E)
    __rt_lib_shutdown                        0x08000255   Thumb Code     0  libshutdown.o(.ARM.Collect$$libshutdown$$00000000)
    __rt_lib_shutdown_cpp_1                  0x08000257   Thumb Code     0  libshutdown2.o(.ARM.Collect$$libshutdown$$00000002)
    __rt_lib_shutdown_fp_trap_1              0x08000257   Thumb Code     0  libshutdown2.o(.ARM.Collect$$libshutdown$$00000007)
    __rt_lib_shutdown_heap_1                 0x08000257   Thumb Code     0  libshutdown2.o(.ARM.Collect$$libshutdown$$0000000F)
    __rt_lib_shutdown_return                 0x08000257   Thumb Code     0  libshutdown2.o(.ARM.Collect$$libshutdown$$00000010)
    __rt_lib_shutdown_signal_1               0x08000257   Thumb Code     0  libshutdown2.o(.ARM.Collect$$libshutdown$$0000000A)
    __rt_lib_shutdown_stdio_1                0x08000257   Thumb Code     0  libshutdown2.o(.ARM.Collect$$libshutdown$$00000004)
    __rt_lib_shutdown_user_alloc_1           0x08000257   Thumb Code     0  libshutdown2.o(.ARM.Collect$$libshutdown$$0000000C)
    __rt_entry                               0x08000259   Thumb Code     0  __rtentry.o(.ARM.Collect$$rtentry$$00000000)
    __rt_entry_presh_1                       0x08000259   Thumb Code     0  __rtentry2.o(.ARM.Collect$$rtentry$$00000002)
    __rt_entry_sh                            0x08000259   Thumb Code     0  __rtentry4.o(.ARM.Collect$$rtentry$$00000004)
    __rt_entry_li                            0x0800025f   Thumb Code     0  __rtentry2.o(.ARM.Collect$$rtentry$$0000000A)
    __rt_entry_postsh_1                      0x0800025f   Thumb Code     0  __rtentry2.o(.ARM.Collect$$rtentry$$00000009)
    __rt_entry_main                          0x08000263   Thumb Code     0  __rtentry2.o(.ARM.Collect$$rtentry$$0000000D)
    __rt_entry_postli_1                      0x08000263   Thumb Code     0  __rtentry2.o(.ARM.Collect$$rtentry$$0000000C)
    __rt_exit                                0x0800026b   Thumb Code     0  rtexit.o(.ARM.Collect$$rtexit$$00000000)
    __rt_exit_ls                             0x0800026d   Thumb Code     0  rtexit2.o(.ARM.Collect$$rtexit$$00000003)
    __rt_exit_prels_1                        0x0800026d   Thumb Code     0  rtexit2.o(.ARM.Collect$$rtexit$$00000002)
    __rt_exit_exit                           0x08000271   Thumb Code     0  rtexit2.o(.ARM.Collect$$rtexit$$00000004)
    Reset_Handler                            0x08000279   Thumb Code     8  startup_stm32g474xx.o(.text)
    ADC1_2_IRQHandler                        0x08000293   Thumb Code     0  startup_stm32g474xx.o(.text)
    ADC3_IRQHandler                          0x08000293   Thumb Code     0  startup_stm32g474xx.o(.text)
    ADC4_IRQHandler                          0x08000293   Thumb Code     0  startup_stm32g474xx.o(.text)
    ADC5_IRQHandler                          0x08000293   Thumb Code     0  startup_stm32g474xx.o(.text)
    COMP1_2_3_IRQHandler                     0x08000293   Thumb Code     0  startup_stm32g474xx.o(.text)
    COMP4_5_6_IRQHandler                     0x08000293   Thumb Code     0  startup_stm32g474xx.o(.text)
    COMP7_IRQHandler                         0x08000293   Thumb Code     0  startup_stm32g474xx.o(.text)
    CORDIC_IRQHandler                        0x08000293   Thumb Code     0  startup_stm32g474xx.o(.text)
    CRS_IRQHandler                           0x08000293   Thumb Code     0  startup_stm32g474xx.o(.text)
    DMA1_Channel2_IRQHandler                 0x08000293   Thumb Code     0  startup_stm32g474xx.o(.text)
    DMA1_Channel3_IRQHandler                 0x08000293   Thumb Code     0  startup_stm32g474xx.o(.text)
    DMA1_Channel4_IRQHandler                 0x08000293   Thumb Code     0  startup_stm32g474xx.o(.text)
    DMA1_Channel5_IRQHandler                 0x08000293   Thumb Code     0  startup_stm32g474xx.o(.text)
    DMA1_Channel6_IRQHandler                 0x08000293   Thumb Code     0  startup_stm32g474xx.o(.text)
    DMA1_Channel7_IRQHandler                 0x08000293   Thumb Code     0  startup_stm32g474xx.o(.text)
    DMA1_Channel8_IRQHandler                 0x08000293   Thumb Code     0  startup_stm32g474xx.o(.text)
    DMA2_Channel1_IRQHandler                 0x08000293   Thumb Code     0  startup_stm32g474xx.o(.text)
    DMA2_Channel2_IRQHandler                 0x08000293   Thumb Code     0  startup_stm32g474xx.o(.text)
    DMA2_Channel3_IRQHandler                 0x08000293   Thumb Code     0  startup_stm32g474xx.o(.text)
    DMA2_Channel4_IRQHandler                 0x08000293   Thumb Code     0  startup_stm32g474xx.o(.text)
    DMA2_Channel5_IRQHandler                 0x08000293   Thumb Code     0  startup_stm32g474xx.o(.text)
    DMA2_Channel6_IRQHandler                 0x08000293   Thumb Code     0  startup_stm32g474xx.o(.text)
    DMA2_Channel7_IRQHandler                 0x08000293   Thumb Code     0  startup_stm32g474xx.o(.text)
    DMA2_Channel8_IRQHandler                 0x08000293   Thumb Code     0  startup_stm32g474xx.o(.text)
    DMAMUX_OVR_IRQHandler                    0x08000293   Thumb Code     0  startup_stm32g474xx.o(.text)
    EXTI0_IRQHandler                         0x08000293   Thumb Code     0  startup_stm32g474xx.o(.text)
    EXTI15_10_IRQHandler                     0x08000293   Thumb Code     0  startup_stm32g474xx.o(.text)
    EXTI1_IRQHandler                         0x08000293   Thumb Code     0  startup_stm32g474xx.o(.text)
    EXTI2_IRQHandler                         0x08000293   Thumb Code     0  startup_stm32g474xx.o(.text)
    EXTI3_IRQHandler                         0x08000293   Thumb Code     0  startup_stm32g474xx.o(.text)
    EXTI4_IRQHandler                         0x08000293   Thumb Code     0  startup_stm32g474xx.o(.text)
    EXTI9_5_IRQHandler                       0x08000293   Thumb Code     0  startup_stm32g474xx.o(.text)
    FDCAN1_IT0_IRQHandler                    0x08000293   Thumb Code     0  startup_stm32g474xx.o(.text)
    FDCAN1_IT1_IRQHandler                    0x08000293   Thumb Code     0  startup_stm32g474xx.o(.text)
    FDCAN2_IT0_IRQHandler                    0x08000293   Thumb Code     0  startup_stm32g474xx.o(.text)
    FDCAN2_IT1_IRQHandler                    0x08000293   Thumb Code     0  startup_stm32g474xx.o(.text)
    FDCAN3_IT0_IRQHandler                    0x08000293   Thumb Code     0  startup_stm32g474xx.o(.text)
    FDCAN3_IT1_IRQHandler                    0x08000293   Thumb Code     0  startup_stm32g474xx.o(.text)
    FLASH_IRQHandler                         0x08000293   Thumb Code     0  startup_stm32g474xx.o(.text)
    FMAC_IRQHandler                          0x08000293   Thumb Code     0  startup_stm32g474xx.o(.text)
    FMC_IRQHandler                           0x08000293   Thumb Code     0  startup_stm32g474xx.o(.text)
    FPU_IRQHandler                           0x08000293   Thumb Code     0  startup_stm32g474xx.o(.text)
    HRTIM1_FLT_IRQHandler                    0x08000293   Thumb Code     0  startup_stm32g474xx.o(.text)
    HRTIM1_Master_IRQHandler                 0x08000293   Thumb Code     0  startup_stm32g474xx.o(.text)
    HRTIM1_TIMA_IRQHandler                   0x08000293   Thumb Code     0  startup_stm32g474xx.o(.text)
    HRTIM1_TIMB_IRQHandler                   0x08000293   Thumb Code     0  startup_stm32g474xx.o(.text)
    HRTIM1_TIMC_IRQHandler                   0x08000293   Thumb Code     0  startup_stm32g474xx.o(.text)
    HRTIM1_TIMD_IRQHandler                   0x08000293   Thumb Code     0  startup_stm32g474xx.o(.text)
    HRTIM1_TIME_IRQHandler                   0x08000293   Thumb Code     0  startup_stm32g474xx.o(.text)
    HRTIM1_TIMF_IRQHandler                   0x08000293   Thumb Code     0  startup_stm32g474xx.o(.text)
    I2C1_ER_IRQHandler                       0x08000293   Thumb Code     0  startup_stm32g474xx.o(.text)
    I2C1_EV_IRQHandler                       0x08000293   Thumb Code     0  startup_stm32g474xx.o(.text)
    I2C2_ER_IRQHandler                       0x08000293   Thumb Code     0  startup_stm32g474xx.o(.text)
    I2C2_EV_IRQHandler                       0x08000293   Thumb Code     0  startup_stm32g474xx.o(.text)
    I2C3_ER_IRQHandler                       0x08000293   Thumb Code     0  startup_stm32g474xx.o(.text)
    I2C3_EV_IRQHandler                       0x08000293   Thumb Code     0  startup_stm32g474xx.o(.text)
    I2C4_ER_IRQHandler                       0x08000293   Thumb Code     0  startup_stm32g474xx.o(.text)
    I2C4_EV_IRQHandler                       0x08000293   Thumb Code     0  startup_stm32g474xx.o(.text)
    LPTIM1_IRQHandler                        0x08000293   Thumb Code     0  startup_stm32g474xx.o(.text)
    LPUART1_IRQHandler                       0x08000293   Thumb Code     0  startup_stm32g474xx.o(.text)
    PVD_PVM_IRQHandler                       0x08000293   Thumb Code     0  startup_stm32g474xx.o(.text)
    QUADSPI_IRQHandler                       0x08000293   Thumb Code     0  startup_stm32g474xx.o(.text)
    RCC_IRQHandler                           0x08000293   Thumb Code     0  startup_stm32g474xx.o(.text)
    RNG_IRQHandler                           0x08000293   Thumb Code     0  startup_stm32g474xx.o(.text)
    RTC_Alarm_IRQHandler                     0x08000293   Thumb Code     0  startup_stm32g474xx.o(.text)
    RTC_TAMP_LSECSS_IRQHandler               0x08000293   Thumb Code     0  startup_stm32g474xx.o(.text)
    RTC_WKUP_IRQHandler                      0x08000293   Thumb Code     0  startup_stm32g474xx.o(.text)
    SAI1_IRQHandler                          0x08000293   Thumb Code     0  startup_stm32g474xx.o(.text)
    SPI1_IRQHandler                          0x08000293   Thumb Code     0  startup_stm32g474xx.o(.text)
    SPI2_IRQHandler                          0x08000293   Thumb Code     0  startup_stm32g474xx.o(.text)
    SPI3_IRQHandler                          0x08000293   Thumb Code     0  startup_stm32g474xx.o(.text)
    SPI4_IRQHandler                          0x08000293   Thumb Code     0  startup_stm32g474xx.o(.text)
    TIM1_BRK_TIM15_IRQHandler                0x08000293   Thumb Code     0  startup_stm32g474xx.o(.text)
    TIM1_CC_IRQHandler                       0x08000293   Thumb Code     0  startup_stm32g474xx.o(.text)
    TIM1_TRG_COM_TIM17_IRQHandler            0x08000293   Thumb Code     0  startup_stm32g474xx.o(.text)
    TIM1_UP_TIM16_IRQHandler                 0x08000293   Thumb Code     0  startup_stm32g474xx.o(.text)
    TIM20_BRK_IRQHandler                     0x08000293   Thumb Code     0  startup_stm32g474xx.o(.text)
    TIM20_CC_IRQHandler                      0x08000293   Thumb Code     0  startup_stm32g474xx.o(.text)
    TIM20_TRG_COM_IRQHandler                 0x08000293   Thumb Code     0  startup_stm32g474xx.o(.text)
    TIM20_UP_IRQHandler                      0x08000293   Thumb Code     0  startup_stm32g474xx.o(.text)
    TIM2_IRQHandler                          0x08000293   Thumb Code     0  startup_stm32g474xx.o(.text)
    TIM3_IRQHandler                          0x08000293   Thumb Code     0  startup_stm32g474xx.o(.text)
    TIM4_IRQHandler                          0x08000293   Thumb Code     0  startup_stm32g474xx.o(.text)
    TIM5_IRQHandler                          0x08000293   Thumb Code     0  startup_stm32g474xx.o(.text)
    TIM6_DAC_IRQHandler                      0x08000293   Thumb Code     0  startup_stm32g474xx.o(.text)
    TIM7_DAC_IRQHandler                      0x08000293   Thumb Code     0  startup_stm32g474xx.o(.text)
    TIM8_BRK_IRQHandler                      0x08000293   Thumb Code     0  startup_stm32g474xx.o(.text)
    TIM8_CC_IRQHandler                       0x08000293   Thumb Code     0  startup_stm32g474xx.o(.text)
    TIM8_TRG_COM_IRQHandler                  0x08000293   Thumb Code     0  startup_stm32g474xx.o(.text)
    TIM8_UP_IRQHandler                       0x08000293   Thumb Code     0  startup_stm32g474xx.o(.text)
    UART4_IRQHandler                         0x08000293   Thumb Code     0  startup_stm32g474xx.o(.text)
    UART5_IRQHandler                         0x08000293   Thumb Code     0  startup_stm32g474xx.o(.text)
    UCPD1_IRQHandler                         0x08000293   Thumb Code     0  startup_stm32g474xx.o(.text)
    USART1_IRQHandler                        0x08000293   Thumb Code     0  startup_stm32g474xx.o(.text)
    USART2_IRQHandler                        0x08000293   Thumb Code     0  startup_stm32g474xx.o(.text)
    USART3_IRQHandler                        0x08000293   Thumb Code     0  startup_stm32g474xx.o(.text)
    USBWakeUp_IRQHandler                     0x08000293   Thumb Code     0  startup_stm32g474xx.o(.text)
    USB_HP_IRQHandler                        0x08000293   Thumb Code     0  startup_stm32g474xx.o(.text)
    USB_LP_IRQHandler                        0x08000293   Thumb Code     0  startup_stm32g474xx.o(.text)
    WWDG_IRQHandler                          0x08000293   Thumb Code     0  startup_stm32g474xx.o(.text)
    __user_initial_stackheap                 0x08000295   Thumb Code     0  startup_stm32g474xx.o(.text)
    __aeabi_uldivmod                         0x080002b9   Thumb Code     0  lludivv7m.o(.text)
    _ll_udiv                                 0x080002b9   Thumb Code   240  lludivv7m.o(.text)
    __aeabi_memclr4                          0x080003a9   Thumb Code     0  rt_memclr_w.o(.text)
    __aeabi_memclr8                          0x080003a9   Thumb Code     0  rt_memclr_w.o(.text)
    __rt_memclr_w                            0x080003a9   Thumb Code     0  rt_memclr_w.o(.text)
    _memset_w                                0x080003ad   Thumb Code    74  rt_memclr_w.o(.text)
    __use_two_region_memory                  0x080003f7   Thumb Code     2  heapauxi.o(.text)
    __rt_heap_escrow$2region                 0x080003f9   Thumb Code     2  heapauxi.o(.text)
    __rt_heap_expand$2region                 0x080003fb   Thumb Code     2  heapauxi.o(.text)
    __user_libspace                          0x080003fd   Thumb Code     8  libspace.o(.text)
    __user_perproc_libspace                  0x080003fd   Thumb Code     0  libspace.o(.text)
    __user_perthread_libspace                0x080003fd   Thumb Code     0  libspace.o(.text)
    __user_setup_stackheap                   0x08000405   Thumb Code    74  sys_stackheap_outer.o(.text)
    exit                                     0x0800044f   Thumb Code    18  exit.o(.text)
    _sys_exit                                0x08000461   Thumb Code     8  sys_exit.o(.text)
    __I$use$semihosting                      0x0800046d   Thumb Code     0  use_no_semi.o(.text)
    __use_no_semihosting_swi                 0x0800046d   Thumb Code     2  use_no_semi.o(.text)
    __semihosting_library_function           0x0800046f   Thumb Code     0  indicate_semi.o(.text)
    ADC_DMAConvCplt                          0x08000471   Thumb Code    98  stm32g4xx_hal_adc.o(.text.ADC_DMAConvCplt)
    ADC_DMAError                             0x080004d5   Thumb Code    22  stm32g4xx_hal_adc.o(.text.ADC_DMAError)
    ADC_DMAHalfConvCplt                      0x080004ed   Thumb Code     6  stm32g4xx_hal_adc.o(.text.ADC_DMAHalfConvCplt)
    BusFault_Handler                         0x080004f5   Thumb Code     2  stm32g4xx_it.o(.text.BusFault_Handler)
    DMA1_Channel1_IRQHandler                 0x080004f9   Thumb Code    12  stm32g4xx_it.o(.text.DMA1_Channel1_IRQHandler)
    DebugMon_Handler                         0x08000505   Thumb Code     2  stm32g4xx_it.o(.text.DebugMon_Handler)
    Error_Handler                            0x08000509   Thumb Code    10  main.o(.text.Error_Handler)
    HAL_ADC_ConfigChannel                    0x08000515   Thumb Code   992  stm32g4xx_hal_adc.o(.text.HAL_ADC_ConfigChannel)
    HAL_ADC_ConvCpltCallback                 0x080008f9   Thumb Code   648  main.o(.text.HAL_ADC_ConvCpltCallback)
    HAL_ADC_ConvHalfCpltCallback             0x08000b81   Thumb Code     2  stm32g4xx_hal_adc.o(.text.HAL_ADC_ConvHalfCpltCallback)
    HAL_ADC_ErrorCallback                    0x08000b85   Thumb Code     2  stm32g4xx_hal_adc.o(.text.HAL_ADC_ErrorCallback)
    HAL_ADC_Init                             0x08000b89   Thumb Code   644  stm32g4xx_hal_adc.o(.text.HAL_ADC_Init)
    HAL_ADC_MspInit                          0x08000e0d   Thumb Code   206  adc.o(.text.HAL_ADC_MspInit)
    HAL_ADC_Start_DMA                        0x08000edd   Thumb Code   386  stm32g4xx_hal_adc.o(.text.HAL_ADC_Start_DMA)
    HAL_DMA_IRQHandler                       0x08001061   Thumb Code   170  stm32g4xx_hal_dma.o(.text.HAL_DMA_IRQHandler)
    HAL_DMA_Init                             0x0800110d   Thumb Code   298  stm32g4xx_hal_dma.o(.text.HAL_DMA_Init)
    HAL_DMA_Start_IT                         0x08001239   Thumb Code   228  stm32g4xx_hal_dma.o(.text.HAL_DMA_Start_IT)
    HAL_GPIO_Init                            0x0800131d   Thumb Code   426  stm32g4xx_hal_gpio.o(.text.HAL_GPIO_Init)
    HAL_GPIO_WritePin                        0x080014c9   Thumb Code    12  stm32g4xx_hal_gpio.o(.text.HAL_GPIO_WritePin)
    HAL_GetTick                              0x080014d5   Thumb Code    12  stm32g4xx_hal.o(.text.HAL_GetTick)
    HAL_HRTIM_DLLCalibrationStart            0x080014e1   Thumb Code    84  stm32g4xx_hal_hrtim.o(.text.HAL_HRTIM_DLLCalibrationStart)
    HAL_HRTIM_DeadTimeConfig                 0x08001535   Thumb Code   148  stm32g4xx_hal_hrtim.o(.text.HAL_HRTIM_DeadTimeConfig)
    HAL_HRTIM_Init                           0x080015c9   Thumb Code   238  stm32g4xx_hal_hrtim.o(.text.HAL_HRTIM_Init)
    HAL_HRTIM_MspInit                        0x080016b9   Thumb Code    50  hrtim.o(.text.HAL_HRTIM_MspInit)
    HAL_HRTIM_PollForDLLCalibration          0x080016ed   Thumb Code   114  stm32g4xx_hal_hrtim.o(.text.HAL_HRTIM_PollForDLLCalibration)
    HAL_HRTIM_TimeBaseConfig                 0x08001761   Thumb Code   112  stm32g4xx_hal_hrtim.o(.text.HAL_HRTIM_TimeBaseConfig)
    HAL_HRTIM_WaveformCompareConfig          0x080017d1   Thumb Code   352  stm32g4xx_hal_hrtim.o(.text.HAL_HRTIM_WaveformCompareConfig)
    HAL_HRTIM_WaveformCountStart             0x08001931   Thumb Code    40  stm32g4xx_hal_hrtim.o(.text.HAL_HRTIM_WaveformCountStart)
    HAL_HRTIM_WaveformOutputConfig           0x08001959   Thumb Code    58  stm32g4xx_hal_hrtim.o(.text.HAL_HRTIM_WaveformOutputConfig)
    HAL_HRTIM_WaveformOutputStart            0x08001995   Thumb Code    44  stm32g4xx_hal_hrtim.o(.text.HAL_HRTIM_WaveformOutputStart)
    HAL_HRTIM_WaveformTimerConfig            0x080019c1   Thumb Code   700  stm32g4xx_hal_hrtim.o(.text.HAL_HRTIM_WaveformTimerConfig)
    HAL_HRTIM_WaveformTimerControl           0x08001c95   Thumb Code   160  stm32g4xx_hal_hrtim.o(.text.HAL_HRTIM_WaveformTimerControl)
    HAL_IncTick                              0x08001d35   Thumb Code    26  stm32g4xx_hal.o(.text.HAL_IncTick)
    HAL_Init                                 0x08001d51   Thumb Code    30  stm32g4xx_hal.o(.text.HAL_Init)
    HAL_InitTick                             0x08001d71   Thumb Code    76  stm32g4xx_hal.o(.text.HAL_InitTick)
    HAL_MspInit                              0x08001dbd   Thumb Code    52  stm32g4xx_hal_msp.o(.text.HAL_MspInit)
    HAL_NVIC_EnableIRQ                       0x08001df1   Thumb Code    38  stm32g4xx_hal_cortex.o(.text.HAL_NVIC_EnableIRQ)
    HAL_NVIC_SetPriority                     0x08001e19   Thumb Code    86  stm32g4xx_hal_cortex.o(.text.HAL_NVIC_SetPriority)
    HAL_NVIC_SetPriorityGrouping             0x08001e71   Thumb Code    32  stm32g4xx_hal_cortex.o(.text.HAL_NVIC_SetPriorityGrouping)
    HAL_PWREx_ControlVoltageScaling          0x08001e91   Thumb Code   294  stm32g4xx_hal_pwr_ex.o(.text.HAL_PWREx_ControlVoltageScaling)
    HAL_PWREx_DisableUCPDDeadBattery         0x08001fb9   Thumb Code    18  stm32g4xx_hal_pwr_ex.o(.text.HAL_PWREx_DisableUCPDDeadBattery)
    HAL_RCCEx_PeriphCLKConfig                0x08001fcd   Thumb Code   726  stm32g4xx_hal_rcc_ex.o(.text.HAL_RCCEx_PeriphCLKConfig)
    HAL_RCC_ClockConfig                      0x080022a5   Thumb Code   788  stm32g4xx_hal_rcc.o(.text.HAL_RCC_ClockConfig)
    HAL_RCC_GetPCLK1Freq                     0x080025b9   Thumb Code    42  stm32g4xx_hal_rcc.o(.text.HAL_RCC_GetPCLK1Freq)
    HAL_RCC_GetPCLK2Freq                     0x080025e5   Thumb Code    42  stm32g4xx_hal_rcc.o(.text.HAL_RCC_GetPCLK2Freq)
    HAL_RCC_GetSysClockFreq                  0x08002611   Thumb Code   126  stm32g4xx_hal_rcc.o(.text.HAL_RCC_GetSysClockFreq)
    HAL_RCC_OscConfig                        0x08002691   Thumb Code  1200  stm32g4xx_hal_rcc.o(.text.HAL_RCC_OscConfig)
    HAL_SYSTICK_Config                       0x08002b41   Thumb Code    44  stm32g4xx_hal_cortex.o(.text.HAL_SYSTICK_Config)
    HAL_TIMEx_MasterConfigSynchronization    0x08002b6d   Thumb Code   222  stm32g4xx_hal_tim_ex.o(.text.HAL_TIMEx_MasterConfigSynchronization)
    HAL_TIM_Base_Init                        0x08002c4d   Thumb Code    98  stm32g4xx_hal_tim.o(.text.HAL_TIM_Base_Init)
    HAL_TIM_Base_MspInit                     0x08002cb1   Thumb Code    46  tim.o(.text.HAL_TIM_Base_MspInit)
    HAL_TIM_ConfigClockSource                0x08002ce1   Thumb Code   544  stm32g4xx_hal_tim.o(.text.HAL_TIM_ConfigClockSource)
    HAL_TIM_PWM_ConfigChannel                0x08002f01   Thumb Code  1024  stm32g4xx_hal_tim.o(.text.HAL_TIM_PWM_ConfigChannel)
    HAL_TIM_PWM_Init                         0x08003301   Thumb Code    98  stm32g4xx_hal_tim.o(.text.HAL_TIM_PWM_Init)
    HAL_TIM_PWM_MspInit                      0x08003365   Thumb Code     2  stm32g4xx_hal_tim.o(.text.HAL_TIM_PWM_MspInit)
    HAL_TIM_PWM_Start                        0x08003369   Thumb Code   414  stm32g4xx_hal_tim.o(.text.HAL_TIM_PWM_Start)
    HAL_UARTEx_DisableFifoMode               0x08003509   Thumb Code    54  stm32g4xx_hal_uart_ex.o(.text.HAL_UARTEx_DisableFifoMode)
    HAL_UARTEx_SetRxFifoThreshold            0x08003541   Thumb Code   140  stm32g4xx_hal_uart_ex.o(.text.HAL_UARTEx_SetRxFifoThreshold)
    HAL_UARTEx_SetTxFifoThreshold            0x080035cd   Thumb Code   140  stm32g4xx_hal_uart_ex.o(.text.HAL_UARTEx_SetTxFifoThreshold)
    HAL_UART_Init                            0x08003659   Thumb Code   202  stm32g4xx_hal_uart.o(.text.HAL_UART_Init)
    HAL_UART_MspInit                         0x08003725   Thumb Code   136  usart.o(.text.HAL_UART_MspInit)
    HardFault_Handler                        0x080038a5   Thumb Code     2  stm32g4xx_it.o(.text.HardFault_Handler)
    MX_ADC2_Init                             0x080038a9   Thumb Code   224  adc.o(.text.MX_ADC2_Init)
    MX_DMA_Init                              0x08003989   Thumb Code    70  dma.o(.text.MX_DMA_Init)
    MX_GPIO_Init                             0x080039d1   Thumb Code   134  gpio.o(.text.MX_GPIO_Init)
    MX_HRTIM1_Init                           0x08003a59   Thumb Code   764  hrtim.o(.text.MX_HRTIM1_Init)
    MX_TIM2_Init                             0x08003d55   Thumb Code   202  tim.o(.text.MX_TIM2_Init)
    MX_USART1_UART_Init                      0x08003e21   Thumb Code   130  usart.o(.text.MX_USART1_UART_Init)
    MemManage_Handler                        0x08003ea5   Thumb Code     2  stm32g4xx_it.o(.text.MemManage_Handler)
    NMI_Handler                              0x08003ea9   Thumb Code     2  stm32g4xx_it.o(.text.NMI_Handler)
    PendSV_Handler                           0x08003ead   Thumb Code     2  stm32g4xx_it.o(.text.PendSV_Handler)
    SVC_Handler                              0x08003eb1   Thumb Code     2  stm32g4xx_it.o(.text.SVC_Handler)
    SysTick_Handler                          0x08003eb5   Thumb Code     4  stm32g4xx_it.o(.text.SysTick_Handler)
    SystemInit                               0x08003eb9   Thumb Code    18  system_stm32g4xx.o(.text.SystemInit)
    TIM_Base_SetConfig                       0x08003ecd   Thumb Code   316  stm32g4xx_hal_tim.o(.text.TIM_Base_SetConfig)
    UART_AdvFeatureConfig                    0x08004009   Thumb Code   232  stm32g4xx_hal_uart.o(.text.UART_AdvFeatureConfig)
    UART_SetConfig                           0x080040f1   Thumb Code   688  stm32g4xx_hal_uart.o(.text.UART_SetConfig)
    UART_WaitOnFlagUntilTimeout              0x080043b1   Thumb Code   530  stm32g4xx_hal_uart.o(.text.UART_WaitOnFlagUntilTimeout)
    UsageFault_Handler                       0x080045c5   Thumb Code     2  stm32g4xx_it.o(.text.UsageFault_Handler)
    arm_pid_init_f32                         0x080045c9   Thumb Code    58  controllerfunctions.o(.text.arm_pid_init_f32)
    main                                     0x08004605   Thumb Code   314  main.o(.text.main)
    __aeabi_d2f                              0x08004741   Thumb Code     0  d2f.o(x$fpl$d2f)
    _d2f                                     0x08004741   Thumb Code    98  d2f.o(x$fpl$d2f)
    __aeabi_dmul                             0x080047a5   Thumb Code     0  dmul.o(x$fpl$dmul)
    _dmul                                    0x080047a5   Thumb Code   332  dmul.o(x$fpl$dmul)
    __fpl_dnaninf                            0x080048f9   Thumb Code   156  dnaninf.o(x$fpl$dnaninf)
    __fpl_dretinf                            0x08004995   Thumb Code    12  dretinf.o(x$fpl$dretinf)
    __aeabi_f2d                              0x080049a1   Thumb Code     0  f2d.o(x$fpl$f2d)
    _f2d                                     0x080049a1   Thumb Code    86  f2d.o(x$fpl$f2d)
    __fpl_fnaninf                            0x080049f7   Thumb Code   140  fnaninf.o(x$fpl$fnaninf)
    _fp_init                                 0x08004a83   Thumb Code    26  fpinit.o(x$fpl$fpinit)
    __fplib_config_fpu_vfp                   0x08004a9b   Thumb Code     0  fpinit.o(x$fpl$fpinit)
    __fplib_config_pureend_doubles           0x08004a9b   Thumb Code     0  fpinit.o(x$fpl$fpinit)
    __fpl_fretinf                            0x08004a9d   Thumb Code    10  fretinf.o(x$fpl$fretinf)
    __I$use$fp                               0x08004aa6   Number         0  usenofp.o(x$fpl$usenofp)
    AHBPrescTable                            0x08004ac4   Data          16  system_stm32g4xx.o(.rodata.AHBPrescTable)
    APBPrescTable                            0x08004ad4   Data           8  system_stm32g4xx.o(.rodata.APBPrescTable)
    UARTPrescTable                           0x08004adc   Data          24  stm32g4xx_hal_uart.o(.rodata.UARTPrescTable)
    Region$$Table$$Base                      0x08004b14   Number         0  anon$$obj.o(Region$$Table)
    Region$$Table$$Limit                     0x08004b34   Number         0  anon$$obj.o(Region$$Table)
    deadtime_rise                            0x20000000   Data           4  main.o(.data..L_MergedGlobals)
    deadtime_fall                            0x20000004   Data           4  main.o(.data..L_MergedGlobals)
    PID_Voltage                              0x20000008   Data          36  main.o(.data..L_MergedGlobals)
    mppt                                     0x2000002c   Data          52  main.o(.data..L_MergedGlobals)
    uwTickPrio                               0x20000060   Data           4  stm32g4xx_hal.o(.data..L_MergedGlobals)
    uwTickFreq                               0x20000064   Data           4  stm32g4xx_hal.o(.data..L_MergedGlobals)
    SystemCoreClock                          0x20000068   Data           4  system_stm32g4xx.o(.data.SystemCoreClock)
    __libspace_start                         0x20000070   Data          96  libspace.o(.bss)
    VBus_Voltage                             0x200000d0   Data           4  main.o(.bss..L_MergedGlobals.1)
    __temporary_stack_top$libspace           0x200000d0   Data           0  libspace.o(.bss)
    V_battery                                0x200000d4   Data           4  main.o(.bss..L_MergedGlobals.1)
    I_battery                                0x200000d8   Data           4  main.o(.bss..L_MergedGlobals.1)
    duty_inspector                           0x200000dc   Data           4  main.o(.bss..L_MergedGlobals.1)
    R_inspector                              0x200000e0   Data           4  main.o(.bss..L_MergedGlobals.1)
    error_inspector                          0x200000e4   Data           4  main.o(.bss..L_MergedGlobals.1)
    adc_buffer                               0x200000e8   Data          60  main.o(.bss..L_MergedGlobals.1)
    hadc2                                    0x20000124   Data         108  adc.o(.bss.hadc2)
    hdma_adc2                                0x20000190   Data          96  adc.o(.bss.hdma_adc2)
    hhrtim1                                  0x200001f0   Data         252  hrtim.o(.bss.hhrtim1)
    htim2                                    0x200002ec   Data          76  tim.o(.bss.htim2)
    huart1                                   0x20000338   Data         144  usart.o(.bss.huart1)
    uwTick                                   0x200003c8   Data           4  stm32g4xx_hal.o(.bss.uwTick)



==============================================================================

Memory Map of the image

  Image Entry point : 0x080001d9

  Load Region LR_IROM1 (Base: 0x08000000, Size: 0x00004ba8, Max: 0x00040000, ABSOLUTE)

    Execution Region ER_IROM1 (Exec base: 0x08000000, Load base: 0x08000000, Size: 0x00004b34, Max: 0x00040000, ABSOLUTE)

    Exec Addr    Load Addr    Size         Type   Attr      Idx    E Section Name        Object

    0x08000000   0x08000000   0x000001d8   Data   RO            3    RESET               startup_stm32g474xx.o
    0x080001d8   0x080001d8   0x00000008   Code   RO         3406  * !!!main             c_w.l(__main.o)
    0x080001e0   0x080001e0   0x00000034   Code   RO         3902    !!!scatter          c_w.l(__scatter.o)
    0x08000214   0x08000214   0x0000001a   Code   RO         3904    !!handler_copy      c_w.l(__scatter_copy.o)
    0x0800022e   0x0800022e   0x00000002   PAD
    0x08000230   0x08000230   0x0000001c   Code   RO         3906    !!handler_zi        c_w.l(__scatter_zi.o)
    0x0800024c   0x0800024c   0x00000002   Code   RO         3758    .ARM.Collect$$libinit$$00000000  c_w.l(libinit.o)
    0x0800024e   0x0800024e   0x00000004   Code   RO         3774    .ARM.Collect$$libinit$$00000001  c_w.l(libinit2.o)
    0x08000252   0x08000252   0x00000000   Code   RO         3777    .ARM.Collect$$libinit$$00000004  c_w.l(libinit2.o)
    0x08000252   0x08000252   0x00000000   Code   RO         3779    .ARM.Collect$$libinit$$00000006  c_w.l(libinit2.o)
    0x08000252   0x08000252   0x00000000   Code   RO         3782    .ARM.Collect$$libinit$$0000000C  c_w.l(libinit2.o)
    0x08000252   0x08000252   0x00000000   Code   RO         3784    .ARM.Collect$$libinit$$0000000E  c_w.l(libinit2.o)
    0x08000252   0x08000252   0x00000000   Code   RO         3786    .ARM.Collect$$libinit$$00000010  c_w.l(libinit2.o)
    0x08000252   0x08000252   0x00000000   Code   RO         3789    .ARM.Collect$$libinit$$00000013  c_w.l(libinit2.o)
    0x08000252   0x08000252   0x00000000   Code   RO         3791    .ARM.Collect$$libinit$$00000015  c_w.l(libinit2.o)
    0x08000252   0x08000252   0x00000000   Code   RO         3793    .ARM.Collect$$libinit$$00000017  c_w.l(libinit2.o)
    0x08000252   0x08000252   0x00000000   Code   RO         3795    .ARM.Collect$$libinit$$00000019  c_w.l(libinit2.o)
    0x08000252   0x08000252   0x00000000   Code   RO         3797    .ARM.Collect$$libinit$$0000001B  c_w.l(libinit2.o)
    0x08000252   0x08000252   0x00000000   Code   RO         3799    .ARM.Collect$$libinit$$0000001D  c_w.l(libinit2.o)
    0x08000252   0x08000252   0x00000000   Code   RO         3801    .ARM.Collect$$libinit$$0000001F  c_w.l(libinit2.o)
    0x08000252   0x08000252   0x00000000   Code   RO         3803    .ARM.Collect$$libinit$$00000021  c_w.l(libinit2.o)
    0x08000252   0x08000252   0x00000000   Code   RO         3805    .ARM.Collect$$libinit$$00000023  c_w.l(libinit2.o)
    0x08000252   0x08000252   0x00000000   Code   RO         3807    .ARM.Collect$$libinit$$00000025  c_w.l(libinit2.o)
    0x08000252   0x08000252   0x00000000   Code   RO         3809    .ARM.Collect$$libinit$$00000027  c_w.l(libinit2.o)
    0x08000252   0x08000252   0x00000000   Code   RO         3813    .ARM.Collect$$libinit$$0000002E  c_w.l(libinit2.o)
    0x08000252   0x08000252   0x00000000   Code   RO         3815    .ARM.Collect$$libinit$$00000030  c_w.l(libinit2.o)
    0x08000252   0x08000252   0x00000000   Code   RO         3817    .ARM.Collect$$libinit$$00000032  c_w.l(libinit2.o)
    0x08000252   0x08000252   0x00000000   Code   RO         3819    .ARM.Collect$$libinit$$00000034  c_w.l(libinit2.o)
    0x08000252   0x08000252   0x00000002   Code   RO         3820    .ARM.Collect$$libinit$$00000035  c_w.l(libinit2.o)
    0x08000254   0x08000254   0x00000002   Code   RO         3857    .ARM.Collect$$libshutdown$$00000000  c_w.l(libshutdown.o)
    0x08000256   0x08000256   0x00000000   Code   RO         3885    .ARM.Collect$$libshutdown$$00000002  c_w.l(libshutdown2.o)
    0x08000256   0x08000256   0x00000000   Code   RO         3887    .ARM.Collect$$libshutdown$$00000004  c_w.l(libshutdown2.o)
    0x08000256   0x08000256   0x00000000   Code   RO         3890    .ARM.Collect$$libshutdown$$00000007  c_w.l(libshutdown2.o)
    0x08000256   0x08000256   0x00000000   Code   RO         3893    .ARM.Collect$$libshutdown$$0000000A  c_w.l(libshutdown2.o)
    0x08000256   0x08000256   0x00000000   Code   RO         3895    .ARM.Collect$$libshutdown$$0000000C  c_w.l(libshutdown2.o)
    0x08000256   0x08000256   0x00000000   Code   RO         3898    .ARM.Collect$$libshutdown$$0000000F  c_w.l(libshutdown2.o)
    0x08000256   0x08000256   0x00000002   Code   RO         3899    .ARM.Collect$$libshutdown$$00000010  c_w.l(libshutdown2.o)
    0x08000258   0x08000258   0x00000000   Code   RO         3495    .ARM.Collect$$rtentry$$00000000  c_w.l(__rtentry.o)
    0x08000258   0x08000258   0x00000000   Code   RO         3660    .ARM.Collect$$rtentry$$00000002  c_w.l(__rtentry2.o)
    0x08000258   0x08000258   0x00000006   Code   RO         3672    .ARM.Collect$$rtentry$$00000004  c_w.l(__rtentry4.o)
    0x0800025e   0x0800025e   0x00000000   Code   RO         3662    .ARM.Collect$$rtentry$$00000009  c_w.l(__rtentry2.o)
    0x0800025e   0x0800025e   0x00000004   Code   RO         3663    .ARM.Collect$$rtentry$$0000000A  c_w.l(__rtentry2.o)
    0x08000262   0x08000262   0x00000000   Code   RO         3665    .ARM.Collect$$rtentry$$0000000C  c_w.l(__rtentry2.o)
    0x08000262   0x08000262   0x00000008   Code   RO         3666    .ARM.Collect$$rtentry$$0000000D  c_w.l(__rtentry2.o)
    0x0800026a   0x0800026a   0x00000002   Code   RO         3759    .ARM.Collect$$rtexit$$00000000  c_w.l(rtexit.o)
    0x0800026c   0x0800026c   0x00000000   Code   RO         3826    .ARM.Collect$$rtexit$$00000002  c_w.l(rtexit2.o)
    0x0800026c   0x0800026c   0x00000004   Code   RO         3827    .ARM.Collect$$rtexit$$00000003  c_w.l(rtexit2.o)
    0x08000270   0x08000270   0x00000006   Code   RO         3828    .ARM.Collect$$rtexit$$00000004  c_w.l(rtexit2.o)
    0x08000276   0x08000276   0x00000002   PAD
    0x08000278   0x08000278   0x00000040   Code   RO            4    .text               startup_stm32g474xx.o
    0x080002b8   0x080002b8   0x000000f0   Code   RO         3388    .text               c_w.l(lludivv7m.o)
    0x080003a8   0x080003a8   0x0000004e   Code   RO         3402    .text               c_w.l(rt_memclr_w.o)
    0x080003f6   0x080003f6   0x00000006   Code   RO         3404    .text               c_w.l(heapauxi.o)
    0x080003fc   0x080003fc   0x00000008   Code   RO         3703    .text               c_w.l(libspace.o)
    0x08000404   0x08000404   0x0000004a   Code   RO         3706    .text               c_w.l(sys_stackheap_outer.o)
    0x0800044e   0x0800044e   0x00000012   Code   RO         3747    .text               c_w.l(exit.o)
    0x08000460   0x08000460   0x0000000c   Code   RO         3821    .text               c_w.l(sys_exit.o)
    0x0800046c   0x0800046c   0x00000002   Code   RO         3846    .text               c_w.l(use_no_semi.o)
    0x0800046e   0x0800046e   0x00000000   Code   RO         3848    .text               c_w.l(indicate_semi.o)
    0x0800046e   0x0800046e   0x00000002   PAD
    0x08000470   0x08000470   0x00000062   Code   RO          184    .text.ADC_DMAConvCplt  stm32g4xx_hal_adc.o
    0x080004d2   0x080004d2   0x00000002   PAD
    0x080004d4   0x080004d4   0x00000016   Code   RO          188    .text.ADC_DMAError  stm32g4xx_hal_adc.o
    0x080004ea   0x080004ea   0x00000002   PAD
    0x080004ec   0x080004ec   0x00000006   Code   RO          186    .text.ADC_DMAHalfConvCplt  stm32g4xx_hal_adc.o
    0x080004f2   0x080004f2   0x00000002   PAD
    0x080004f4   0x080004f4   0x00000002   Code   RO          127    .text.BusFault_Handler  stm32g4xx_it.o
    0x080004f6   0x080004f6   0x00000002   PAD
    0x080004f8   0x080004f8   0x0000000c   Code   RO          139    .text.DMA1_Channel1_IRQHandler  stm32g4xx_it.o
    0x08000504   0x08000504   0x00000002   Code   RO          133    .text.DebugMon_Handler  stm32g4xx_it.o
    0x08000506   0x08000506   0x00000002   PAD
    0x08000508   0x08000508   0x0000000a   Code   RO           23    .text.Error_Handler  main.o
    0x08000512   0x08000512   0x00000002   PAD
    0x08000514   0x08000514   0x000003e0   Code   RO          208    .text.HAL_ADC_ConfigChannel  stm32g4xx_hal_adc.o
    0x080008f4   0x080008f4   0x00000004   PAD
    0x080008f8   0x080008f8   0x00000288   Code   RO           17    .text.HAL_ADC_ConvCpltCallback  main.o
    0x08000b80   0x08000b80   0x00000002   Code   RO          206    .text.HAL_ADC_ConvHalfCpltCallback  stm32g4xx_hal_adc.o
    0x08000b82   0x08000b82   0x00000002   PAD
    0x08000b84   0x08000b84   0x00000002   Code   RO          204    .text.HAL_ADC_ErrorCallback  stm32g4xx_hal_adc.o
    0x08000b86   0x08000b86   0x00000002   PAD
    0x08000b88   0x08000b88   0x00000284   Code   RO          156    .text.HAL_ADC_Init  stm32g4xx_hal_adc.o
    0x08000e0c   0x08000e0c   0x000000ce   Code   RO           51    .text.HAL_ADC_MspInit  adc.o
    0x08000eda   0x08000eda   0x00000002   PAD
    0x08000edc   0x08000edc   0x00000182   Code   RO          182    .text.HAL_ADC_Start_DMA  stm32g4xx_hal_adc.o
    0x0800105e   0x0800105e   0x00000002   PAD
    0x08001060   0x08001060   0x000000aa   Code   RO          588    .text.HAL_DMA_IRQHandler  stm32g4xx_hal_dma.o
    0x0800110a   0x0800110a   0x00000002   PAD
    0x0800110c   0x0800110c   0x0000012a   Code   RO          574    .text.HAL_DMA_Init  stm32g4xx_hal_dma.o
    0x08001236   0x08001236   0x00000002   PAD
    0x08001238   0x08001238   0x000000e4   Code   RO          580    .text.HAL_DMA_Start_IT  stm32g4xx_hal_dma.o
    0x0800131c   0x0800131c   0x000001aa   Code   RO          524    .text.HAL_GPIO_Init  stm32g4xx_hal_gpio.o
    0x080014c6   0x080014c6   0x00000002   PAD
    0x080014c8   0x080014c8   0x0000000c   Code   RO          530    .text.HAL_GPIO_WritePin  stm32g4xx_hal_gpio.o
    0x080014d4   0x080014d4   0x0000000c   Code   RO          299    .text.HAL_GetTick   stm32g4xx_hal.o
    0x080014e0   0x080014e0   0x00000054   Code   RO          800    .text.HAL_HRTIM_DLLCalibrationStart  stm32g4xx_hal_hrtim.o
    0x08001534   0x08001534   0x00000094   Code   RO          926    .text.HAL_HRTIM_DeadTimeConfig  stm32g4xx_hal_hrtim.o
    0x080015c8   0x080015c8   0x000000ee   Code   RO          792    .text.HAL_HRTIM_Init  stm32g4xx_hal_hrtim.o
    0x080016b6   0x080016b6   0x00000002   PAD
    0x080016b8   0x080016b8   0x00000032   Code   RO           78    .text.HAL_HRTIM_MspInit  hrtim.o
    0x080016ea   0x080016ea   0x00000002   PAD
    0x080016ec   0x080016ec   0x00000072   Code   RO          804    .text.HAL_HRTIM_PollForDLLCalibration  stm32g4xx_hal_hrtim.o
    0x0800175e   0x0800175e   0x00000002   PAD
    0x08001760   0x08001760   0x00000070   Code   RO          806    .text.HAL_HRTIM_TimeBaseConfig  stm32g4xx_hal_hrtim.o
    0x080017d0   0x080017d0   0x00000160   Code   RO          932    .text.HAL_HRTIM_WaveformCompareConfig  stm32g4xx_hal_hrtim.o
    0x08001930   0x08001930   0x00000028   Code   RO          944    .text.HAL_HRTIM_WaveformCountStart  stm32g4xx_hal_hrtim.o
    0x08001958   0x08001958   0x0000003a   Code   RO          936    .text.HAL_HRTIM_WaveformOutputConfig  stm32g4xx_hal_hrtim.o
    0x08001992   0x08001992   0x00000002   PAD
    0x08001994   0x08001994   0x0000002c   Code   RO          940    .text.HAL_HRTIM_WaveformOutputStart  stm32g4xx_hal_hrtim.o
    0x080019c0   0x080019c0   0x000002d4   Code   RO          910    .text.HAL_HRTIM_WaveformTimerConfig  stm32g4xx_hal_hrtim.o
    0x08001c94   0x08001c94   0x000000a0   Code   RO          912    .text.HAL_HRTIM_WaveformTimerControl  stm32g4xx_hal_hrtim.o
    0x08001d34   0x08001d34   0x0000001a   Code   RO          297    .text.HAL_IncTick   stm32g4xx_hal.o
    0x08001d4e   0x08001d4e   0x00000002   PAD
    0x08001d50   0x08001d50   0x0000001e   Code   RO          287    .text.HAL_Init      stm32g4xx_hal.o
    0x08001d6e   0x08001d6e   0x00000002   PAD
    0x08001d70   0x08001d70   0x0000004c   Code   RO          289    .text.HAL_InitTick  stm32g4xx_hal.o
    0x08001dbc   0x08001dbc   0x00000034   Code   RO          148    .text.HAL_MspInit   stm32g4xx_hal_msp.o
    0x08001df0   0x08001df0   0x00000026   Code   RO          750    .text.HAL_NVIC_EnableIRQ  stm32g4xx_hal_cortex.o
    0x08001e16   0x08001e16   0x00000002   PAD
    0x08001e18   0x08001e18   0x00000056   Code   RO          748    .text.HAL_NVIC_SetPriority  stm32g4xx_hal_cortex.o
    0x08001e6e   0x08001e6e   0x00000002   PAD
    0x08001e70   0x08001e70   0x00000020   Code   RO          746    .text.HAL_NVIC_SetPriorityGrouping  stm32g4xx_hal_cortex.o
    0x08001e90   0x08001e90   0x00000126   Code   RO          666    .text.HAL_PWREx_ControlVoltageScaling  stm32g4xx_hal_pwr_ex.o
    0x08001fb6   0x08001fb6   0x00000002   PAD
    0x08001fb8   0x08001fb8   0x00000012   Code   RO          736    .text.HAL_PWREx_DisableUCPDDeadBattery  stm32g4xx_hal_pwr_ex.o
    0x08001fca   0x08001fca   0x00000002   PAD
    0x08001fcc   0x08001fcc   0x000002d6   Code   RO          405    .text.HAL_RCCEx_PeriphCLKConfig  stm32g4xx_hal_rcc_ex.o
    0x080022a2   0x080022a2   0x00000002   PAD
    0x080022a4   0x080022a4   0x00000314   Code   RO          371    .text.HAL_RCC_ClockConfig  stm32g4xx_hal_rcc.o
    0x080025b8   0x080025b8   0x0000002a   Code   RO          379    .text.HAL_RCC_GetPCLK1Freq  stm32g4xx_hal_rcc.o
    0x080025e2   0x080025e2   0x00000002   PAD
    0x080025e4   0x080025e4   0x0000002a   Code   RO          381    .text.HAL_RCC_GetPCLK2Freq  stm32g4xx_hal_rcc.o
    0x0800260e   0x0800260e   0x00000002   PAD
    0x08002610   0x08002610   0x0000007e   Code   RO          373    .text.HAL_RCC_GetSysClockFreq  stm32g4xx_hal_rcc.o
    0x0800268e   0x0800268e   0x00000002   PAD
    0x08002690   0x08002690   0x000004b0   Code   RO          369    .text.HAL_RCC_OscConfig  stm32g4xx_hal_rcc.o
    0x08002b40   0x08002b40   0x0000002c   Code   RO          758    .text.HAL_SYSTICK_Config  stm32g4xx_hal_cortex.o
    0x08002b6c   0x08002b6c   0x000000de   Code   RO         1359    .text.HAL_TIMEx_MasterConfigSynchronization  stm32g4xx_hal_tim_ex.o
    0x08002c4a   0x08002c4a   0x00000002   PAD
    0x08002c4c   0x08002c4c   0x00000062   Code   RO         1064    .text.HAL_TIM_Base_Init  stm32g4xx_hal_tim.o
    0x08002cae   0x08002cae   0x00000002   PAD
    0x08002cb0   0x08002cb0   0x0000002e   Code   RO           93    .text.HAL_TIM_Base_MspInit  tim.o
    0x08002cde   0x08002cde   0x00000002   PAD
    0x08002ce0   0x08002ce0   0x00000220   Code   RO         1244    .text.HAL_TIM_ConfigClockSource  stm32g4xx_hal_tim.o
    0x08002f00   0x08002f00   0x00000400   Code   RO         1218    .text.HAL_TIM_PWM_ConfigChannel  stm32g4xx_hal_tim.o
    0x08003300   0x08003300   0x00000062   Code   RO         1118    .text.HAL_TIM_PWM_Init  stm32g4xx_hal_tim.o
    0x08003362   0x08003362   0x00000002   PAD
    0x08003364   0x08003364   0x00000002   Code   RO         1120    .text.HAL_TIM_PWM_MspInit  stm32g4xx_hal_tim.o
    0x08003366   0x08003366   0x00000002   PAD
    0x08003368   0x08003368   0x0000019e   Code   RO         1126    .text.HAL_TIM_PWM_Start  stm32g4xx_hal_tim.o
    0x08003506   0x08003506   0x00000002   PAD
    0x08003508   0x08003508   0x00000036   Code   RO         1600    .text.HAL_UARTEx_DisableFifoMode  stm32g4xx_hal_uart_ex.o
    0x0800353e   0x0800353e   0x00000002   PAD
    0x08003540   0x08003540   0x0000008c   Code   RO         1604    .text.HAL_UARTEx_SetRxFifoThreshold  stm32g4xx_hal_uart_ex.o
    0x080035cc   0x080035cc   0x0000008c   Code   RO         1602    .text.HAL_UARTEx_SetTxFifoThreshold  stm32g4xx_hal_uart_ex.o
    0x08003658   0x08003658   0x000000ca   Code   RO         1438    .text.HAL_UART_Init  stm32g4xx_hal_uart.o
    0x08003722   0x08003722   0x00000002   PAD
    0x08003724   0x08003724   0x00000088   Code   RO          108    .text.HAL_UART_MspInit  usart.o
    0x080037ac   0x080037ac   0x000000f6   Code   RO          828    .text.HRTIM_OutputConfig  stm32g4xx_hal_hrtim.o
    0x080038a2   0x080038a2   0x00000002   PAD
    0x080038a4   0x080038a4   0x00000002   Code   RO          123    .text.HardFault_Handler  stm32g4xx_it.o
    0x080038a6   0x080038a6   0x00000002   PAD
    0x080038a8   0x080038a8   0x000000e0   Code   RO           49    .text.MX_ADC2_Init  adc.o
    0x08003988   0x08003988   0x00000046   Code   RO           65    .text.MX_DMA_Init   dma.o
    0x080039ce   0x080039ce   0x00000002   PAD
    0x080039d0   0x080039d0   0x00000086   Code   RO           40    .text.MX_GPIO_Init  gpio.o
    0x08003a56   0x08003a56   0x00000002   PAD
    0x08003a58   0x08003a58   0x000002fc   Code   RO           74    .text.MX_HRTIM1_Init  hrtim.o
    0x08003d54   0x08003d54   0x000000ca   Code   RO           91    .text.MX_TIM2_Init  tim.o
    0x08003e1e   0x08003e1e   0x00000002   PAD
    0x08003e20   0x08003e20   0x00000082   Code   RO          106    .text.MX_USART1_UART_Init  usart.o
    0x08003ea2   0x08003ea2   0x00000002   PAD
    0x08003ea4   0x08003ea4   0x00000002   Code   RO          125    .text.MemManage_Handler  stm32g4xx_it.o
    0x08003ea6   0x08003ea6   0x00000002   PAD
    0x08003ea8   0x08003ea8   0x00000002   Code   RO          121    .text.NMI_Handler   stm32g4xx_it.o
    0x08003eaa   0x08003eaa   0x00000002   PAD
    0x08003eac   0x08003eac   0x00000002   Code   RO          135    .text.PendSV_Handler  stm32g4xx_it.o
    0x08003eae   0x08003eae   0x00000002   PAD
    0x08003eb0   0x08003eb0   0x00000002   Code   RO          131    .text.SVC_Handler   stm32g4xx_it.o
    0x08003eb2   0x08003eb2   0x00000002   PAD
    0x08003eb4   0x08003eb4   0x00000004   Code   RO          137    .text.SysTick_Handler  stm32g4xx_it.o
    0x08003eb8   0x08003eb8   0x00000012   Code   RO         1621    .text.SystemInit    system_stm32g4xx.o
    0x08003eca   0x08003eca   0x00000002   PAD
    0x08003ecc   0x08003ecc   0x0000013c   Code   RO         1068    .text.TIM_Base_SetConfig  stm32g4xx_hal_tim.o
    0x08004008   0x08004008   0x000000e8   Code   RO         1444    .text.UART_AdvFeatureConfig  stm32g4xx_hal_uart.o
    0x080040f0   0x080040f0   0x000002c0   Code   RO         1442    .text.UART_SetConfig  stm32g4xx_hal_uart.o
    0x080043b0   0x080043b0   0x00000212   Code   RO         1460    .text.UART_WaitOnFlagUntilTimeout  stm32g4xx_hal_uart.o
    0x080045c2   0x080045c2   0x00000002   PAD
    0x080045c4   0x080045c4   0x00000002   Code   RO          129    .text.UsageFault_Handler  stm32g4xx_it.o
    0x080045c6   0x080045c6   0x00000002   PAD
    0x080045c8   0x080045c8   0x0000003a   Code   RO         2122    .text.arm_pid_init_f32  controllerfunctions.o
    0x08004602   0x08004602   0x00000002   PAD
    0x08004604   0x08004604   0x0000013a   Code   RO           19    .text.main          main.o
    0x0800473e   0x0800473e   0x00000002   PAD
    0x08004740   0x08004740   0x00000062   Code   RO         3408    x$fpl$d2f           fz_wm.l(d2f.o)
    0x080047a2   0x080047a2   0x00000002   PAD
    0x080047a4   0x080047a4   0x00000154   Code   RO         3438    x$fpl$dmul          fz_wm.l(dmul.o)
    0x080048f8   0x080048f8   0x0000009c   Code   RO         3601    x$fpl$dnaninf       fz_wm.l(dnaninf.o)
    0x08004994   0x08004994   0x0000000c   Code   RO         3603    x$fpl$dretinf       fz_wm.l(dretinf.o)
    0x080049a0   0x080049a0   0x00000056   Code   RO         3440    x$fpl$f2d           fz_wm.l(f2d.o)
    0x080049f6   0x080049f6   0x0000008c   Code   RO         3609    x$fpl$fnaninf       fz_wm.l(fnaninf.o)
    0x08004a82   0x08004a82   0x0000001a   Code   RO         3840    x$fpl$fpinit        fz_wm.l(fpinit.o)
    0x08004a9c   0x08004a9c   0x0000000a   Code   RO         3611    x$fpl$fretinf       fz_wm.l(fretinf.o)
    0x08004aa6   0x08004aa6   0x00000000   Code   RO         3623    x$fpl$usenofp       fz_wm.l(usenofp.o)
    0x08004aa6   0x08004aa6   0x00000002   PAD
    0x08004aa8   0x08004aa8   0x0000001c   Data   RO         1055    .rodata..Lswitch.table.HAL_HRTIM_WaveformTimerControl  stm32g4xx_hal_hrtim.o
    0x08004ac4   0x08004ac4   0x00000010   Data   RO         1626    .rodata.AHBPrescTable  system_stm32g4xx.o
    0x08004ad4   0x08004ad4   0x00000008   Data   RO         1627    .rodata.APBPrescTable  system_stm32g4xx.o
    0x08004adc   0x08004adc   0x00000018   Data   RO         1572    .rodata.UARTPrescTable  stm32g4xx_hal_uart.o
    0x08004af4   0x08004af4   0x00000010   Data   RO         1573    .rodata.cst16       stm32g4xx_hal_uart.o
    0x08004b04   0x08004b04   0x00000010   Data   RO         1612    .rodata.cst8        stm32g4xx_hal_uart_ex.o
    0x08004b14   0x08004b14   0x00000020   Data   RO         3901    Region$$Table       anon$$obj.o


    Execution Region RW_IRAM1 (Exec base: 0x20000000, Load base: 0x08004b38, Size: 0x00000fd0, Max: 0x00020000, ABSOLUTE)

    Exec Addr    Load Addr    Size         Type   Attr      Idx    E Section Name        Object

    0x20000000   0x08004b38   0x00000060   Data   RW           30    .data..L_MergedGlobals  main.o
    0x20000060   0x08004b98   0x00000008   Data   RW          358    .data..L_MergedGlobals  stm32g4xx_hal.o
    0x20000068   0x08004ba0   0x00000004   Data   RW         1625    .data.SystemCoreClock  system_stm32g4xx.o
    0x2000006c   0x08004ba4   0x00000004   PAD
    0x20000070        -       0x00000060   Zero   RW         3704    .bss                c_w.l(libspace.o)
    0x200000d0        -       0x00000054   Zero   RW           31    .bss..L_MergedGlobals.1  main.o
    0x20000124        -       0x0000006c   Zero   RW           55    .bss.hadc2          adc.o
    0x20000190        -       0x00000060   Zero   RW           56    .bss.hdma_adc2      adc.o
    0x200001f0        -       0x000000fc   Zero   RW           82    .bss.hhrtim1        hrtim.o
    0x200002ec        -       0x0000004c   Zero   RW           97    .bss.htim2          tim.o
    0x20000338        -       0x00000090   Zero   RW          112    .bss.huart1         usart.o
    0x200003c8        -       0x00000004   Zero   RW          357    .bss.uwTick         stm32g4xx_hal.o
    0x200003cc   0x08004ba4   0x00000004   PAD
    0x200003d0        -       0x00000400   Zero   RW            2    HEAP                startup_stm32g474xx.o
    0x200007d0        -       0x00000800   Zero   RW            1    STACK               startup_stm32g474xx.o


==============================================================================

Image component sizes


      Code (inc. data)   RO Data    RW Data    ZI Data      Debug   Object Name

       430          0          0          0        204       7283   adc.o
        58          0          0          0          0       5284   controllerfunctions.o
        70          0          0          0          0       4087   dma.o
       134          0          0          0          0       2355   gpio.o
       814          0          0          0        252       9706   hrtim.o
       972         40          0         96         84      13161   main.o
        64         26        472          0       3072        820   startup_stm32g474xx.o
       144          0          0          8          4       9255   stm32g4xx_hal.o
      2152          0          0          0          0      29465   stm32g4xx_hal_adc.o
       200          0          0          0          0      10897   stm32g4xx_hal_cortex.o
       696          0          0          0          0       9324   stm32g4xx_hal_dma.o
       438          0          0          0          0       5218   stm32g4xx_hal_gpio.o
      2320        110         28          0          0      73455   stm32g4xx_hal_hrtim.o
        52          0          0          0          0       1723   stm32g4xx_hal_msp.o
       312          0          0          0          0       9505   stm32g4xx_hal_pwr_ex.o
      2198          0          0          0          0      10067   stm32g4xx_hal_rcc.o
       726          0          0          0          0      11140   stm32g4xx_hal_rcc_ex.o
      2496         22          0          0          0      60996   stm32g4xx_hal_tim.o
       222          0          0          0          0      30227   stm32g4xx_hal_tim_ex.o
      1668         48         40          0          0      41045   stm32g4xx_hal_uart.o
       334          0         16          0          0      11191   stm32g4xx_hal_uart_ex.o
        32          0          0          0          0       3174   stm32g4xx_it.o
        18          0         24          4          0       2752   system_stm32g4xx.o
       248          0          0          0         76       6248   tim.o
       266          0          0          0        144       6715   usart.o

    ----------------------------------------------------------------------
     17168        246        612        108       3844     375093   Object Totals
         0          0         32          0          0          0   (incl. Generated)
       104          0          0          0          8          0   (incl. Padding)

    ----------------------------------------------------------------------

      Code (inc. data)   RO Data    RW Data    ZI Data      Debug   Library Member Name

         8          0          0          0          0         68   __main.o
         0          0          0          0          0          0   __rtentry.o
        12          0          0          0          0          0   __rtentry2.o
         6          0          0          0          0          0   __rtentry4.o
        52          8          0          0          0          0   __scatter.o
        26          0          0          0          0          0   __scatter_copy.o
        28          0          0          0          0          0   __scatter_zi.o
        18          0          0          0          0         80   exit.o
         6          0          0          0          0        152   heapauxi.o
         0          0          0          0          0          0   indicate_semi.o
         2          0          0          0          0          0   libinit.o
         6          0          0          0          0          0   libinit2.o
         2          0          0          0          0          0   libshutdown.o
         2          0          0          0          0          0   libshutdown2.o
         8          4          0          0         96         68   libspace.o
       240          0          0          0          0        100   lludivv7m.o
        78          0          0          0          0         80   rt_memclr_w.o
         2          0          0          0          0          0   rtexit.o
        10          0          0          0          0          0   rtexit2.o
        12          4          0          0          0         68   sys_exit.o
        74          0          0          0          0         80   sys_stackheap_outer.o
         2          0          0          0          0         68   use_no_semi.o
        98          4          0          0          0        140   d2f.o
       340         12          0          0          0        152   dmul.o
       156          4          0          0          0        140   dnaninf.o
        12          0          0          0          0        116   dretinf.o
        86          4          0          0          0        132   f2d.o
       140          4          0          0          0        132   fnaninf.o
        26          0          0          0          0        116   fpinit.o
        10          0          0          0          0        116   fretinf.o
         0          0          0          0          0          0   usenofp.o

    ----------------------------------------------------------------------
      1472         44          0          0         96       1808   Library Totals
        10          0          0          0          0          0   (incl. Padding)

    ----------------------------------------------------------------------

      Code (inc. data)   RO Data    RW Data    ZI Data      Debug   Library Name

       594         16          0          0         96        764   c_w.l
       868         28          0          0          0       1044   fz_wm.l

    ----------------------------------------------------------------------
      1472         44          0          0         96       1808   Library Totals

    ----------------------------------------------------------------------

==============================================================================


      Code (inc. data)   RO Data    RW Data    ZI Data      Debug   

     18640        290        612        108       3940     375481   Grand Totals
     18640        290        612        108       3940     375481   ELF Image Totals
     18640        290        612        108          0          0   ROM Totals

==============================================================================

    Total RO  Size (Code + RO Data)                19252 (  18.80kB)
    Total RW  Size (RW Data + ZI Data)              4048 (   3.95kB)
    Total ROM Size (Code + RO Data + RW Data)      19360 (  18.91kB)

==============================================================================

